Archive member included to satisfy reference by file (symbol)

C:/devkitPro/libnx/lib\libnx.a(console.o)
                              main.o (consoleInit)
C:/devkitPro/libnx/lib\libnx.a(applet.o)
                              main.o (appletMainLoop)
C:/devkitPro/libnx/lib\libnx.a(hid.o)
                              main.o (hidKeysDown)
C:/devkitPro/libnx/lib\libnx.a(sm.o)
                              C:/devkitPro/libnx/lib\libnx.a(applet.o) (smGetService)
C:/devkitPro/libnx/lib\libnx.a(apm.o)
                              C:/devkitPro/libnx/lib\libnx.a(applet.o) (apmExit)
C:/devkitPro/libnx/lib\libnx.a(fatal.o)
                              C:/devkitPro/libnx/lib\libnx.a(applet.o) (fatalSimple)
C:/devkitPro/libnx/lib\libnx.a(gfx.o)
                              C:/devkitPro/libnx/lib\libnx.a(console.o) (g_gfx_framebuf_display_height)
C:/devkitPro/libnx/lib\libnx.a(nvgfx.o)
                              C:/devkitPro/libnx/lib\libnx.a(gfx.o) (nvgfxInitialize)
C:/devkitPro/libnx/lib\libnx.a(channel.o)
                              C:/devkitPro/libnx/lib\libnx.a(nvgfx.o) (nvioctlChannel_SetNvmapFd)
C:/devkitPro/libnx/lib\libnx.a(nvhost-ctrl.o)
                              C:/devkitPro/libnx/lib\libnx.a(nvgfx.o) (nvioctlNvhostCtrl_EventWait)
C:/devkitPro/libnx/lib\libnx.a(nvhost-ctrl-gpu.o)
                              C:/devkitPro/libnx/lib\libnx.a(nvgfx.o) (nvioctlNvhostCtrlGpu_ZCullGetCtxSize)
C:/devkitPro/libnx/lib\libnx.a(nvhost-as-gpu.o)
                              C:/devkitPro/libnx/lib\libnx.a(nvgfx.o) (nvioctlNvhostAsGpu_BindChannel)
C:/devkitPro/libnx/lib\libnx.a(nvmap.o)
                              C:/devkitPro/libnx/lib\libnx.a(nvgfx.o) (nvioctlNvmap_Create)
C:/devkitPro/libnx/lib\libnx.a(cache.o)
                              C:/devkitPro/libnx/lib\libnx.a(gfx.o) (armDCacheFlush)
C:/devkitPro/libnx/lib\libnx.a(switch_crt0.o)
                              (_start)
C:/devkitPro/libnx/lib\libnx.a(svc.o)
                              C:/devkitPro/libnx/lib\libnx.a(applet.o) (svcSleepThread)
C:/devkitPro/libnx/lib\libnx.a(default_font.bin.o)
                              C:/devkitPro/libnx/lib\libnx.a(console.o) (default_font_bin)
C:/devkitPro/libnx/lib\libnx.a(dynamic.o)
                              C:/devkitPro/libnx/lib\libnx.a(switch_crt0.o) (__nx_dynamic)
C:/devkitPro/libnx/lib\libnx.a(init.o)
                              C:/devkitPro/libnx/lib\libnx.a(switch_crt0.o) (__libnx_init)
C:/devkitPro/libnx/lib\libnx.a(env.o)
                              C:/devkitPro/libnx/lib\libnx.a(init.o) (envSetup)
C:/devkitPro/libnx/lib\libnx.a(newlib.o)
                              C:/devkitPro/libnx/lib\libnx.a(init.o) (newlibSetup)
C:/devkitPro/libnx/lib\libnx.a(argv.o)
                              C:/devkitPro/libnx/lib\libnx.a(init.o) (argvSetup)
C:/devkitPro/libnx/lib\libnx.a(detect.o)
                              C:/devkitPro/libnx/lib\libnx.a(applet.o) (kernelAbove200)
C:/devkitPro/libnx/lib\libnx.a(shmem.o)
                              C:/devkitPro/libnx/lib\libnx.a(hid.o) (shmemLoadRemote)
C:/devkitPro/libnx/lib\libnx.a(rwlock.o)
                              C:/devkitPro/libnx/lib\libnx.a(hid.o) (rwlockReadLock)
C:/devkitPro/libnx/lib\libnx.a(mutex.o)
                              C:/devkitPro/libnx/lib\libnx.a(newlib.o) (mutexLock)
C:/devkitPro/libnx/lib\libnx.a(virtmem.o)
                              C:/devkitPro/libnx/lib\libnx.a(init.o) (virtmemSetup)
C:/devkitPro/libnx/lib\libnx.a(fs_dev.o)
                              C:/devkitPro/libnx/lib\libnx.a(init.o) (fsdevMountSdmc)
C:/devkitPro/libnx/lib\libnx.a(time.o)
                              C:/devkitPro/libnx/lib\libnx.a(init.o) (timeExit)
C:/devkitPro/libnx/lib\libnx.a(vi.o)
                              C:/devkitPro/libnx/lib\libnx.a(gfx.o) (viExit)
C:/devkitPro/libnx/lib\libnx.a(nv.o)
                              C:/devkitPro/libnx/lib\libnx.a(gfx.o) (nvExit)
C:/devkitPro/libnx/lib\libnx.a(fs.o)
                              C:/devkitPro/libnx/lib\libnx.a(init.o) (fsInitialize)
C:/devkitPro/libnx/lib\libnx.a(buffer_producer.o)
                              C:/devkitPro/libnx/lib\libnx.a(gfx.o) (bufferProducerInitialize)
C:/devkitPro/libnx/lib\libnx.a(binder.o)
                              C:/devkitPro/libnx/lib\libnx.a(gfx.o) (binderCreateSession)
C:/devkitPro/libnx/lib\libnx.a(parcel.o)
                              C:/devkitPro/libnx/lib\libnx.a(buffer_producer.o) (parcelInitialize)
C:/devkitPro/libnx/lib\libnx.a(decode_utf8.o)
                              C:/devkitPro/libnx/lib\libnx.a(fs_dev.o) (decode_utf8)
C:/devkitPro/libnx/lib\libnx.a(readtp.o)
                              C:/devkitPro/libnx/lib\libnx.a(fs_dev.o) (__aarch64_read_tp)
C:/devkitPro/libnx/lib\libnx.a(nxlink.o)
                              C:/devkitPro/libnx/lib\libnx.a(argv.o) (nxlinkSetup)
C:/devkitPro/libnx/lib\libnx.a(tmem.o)
[...]
Memory Configuration

Name             Origin             Length             Attributes
*default*        0x0000000000000000 0xffffffffffffffff

Linker script and memory map

                0x0000000000000000                PROVIDE (__start__ = 0x0)
                0x0000000000000000                . = __start__

.crt0           0x0000000000000000      0x118
 *(.crt0)
 .crt0          0x0000000000000000      0x114 C:/devkitPro/libnx/lib\libnx.a(switch_crt0.o)
                0x0000000000000000                _start
                0x0000000000000104                __nx_exit
                0x0000000000000118                . = ALIGN (0x8)
 *fill*         0x0000000000000114        0x4 

.init           0x0000000000000118       0x38
 *(.init)
 .init          0x0000000000000118       0x18 c:/devkitpro/devkita64/bin/../lib/gcc/aarch64-none-elf/8.1.0/pic/crti.o
                0x0000000000000118                _init
 .init          0x0000000000000130       0x1c c:/devkitpro/devkita64/bin/../lib/gcc/aarch64-none-elf/8.1.0/pic/crtn.o
                0x0000000000000150                . = ALIGN (0x8)
 *fill*         0x000000000000014c        0x4 

.plt            0x0000000000000150        0x0
 *(.plt)
 .plt           0x0000000000000150        0x0 c:/devkitpro/devkita64/bin/../lib/gcc/aarch64-none-elf/8.1.0/pic/crti.o
 *(.iplt)
                0x0000000000000150                . = ALIGN (0x8)

.text           0x0000000000000180    0x239b0
 *(.text.unlikely .text.*_unlikely .text.unlikely.*)
 *(.text.exit .text.exit.*)
 *(.text.startup .text.startup.*)
 .text.startup.main
                0x0000000000000180      0x244 main.o
                0x0000000000000180                main
 *(.text.hot .text.hot.*)
 *(.text .stub .text.* .gnu.linkonce.t.*)
 *fill*         0x00000000000003c4        0x4 
 .text.deregister_tm_clones
                0x00000000000003c8       0x2c c:/devkitpro/devkita64/bin/../lib/gcc/aarch64-none-elf/8.1.0/pic/crtbegin.o
 *fill*         0x00000000000003f4        0x4 
 .text.register_tm_clones
                0x00000000000003f8       0x38 c:/devkitpro/devkita64/bin/../lib/gcc/aarch64-none-elf/8.1.0/pic/crtbegin.o
 .text.__do_global_dtors_aux
                0x0000000000000430       0x48 c:/devkitpro/devkita64/bin/../lib/gcc/aarch64-none-elf/8.1.0/pic/crtbegin.o
 .text.frame_dummy
                0x0000000000000478       0x34 c:/devkitpro/devkita64/bin/../lib/gcc/aarch64-none-elf/8.1.0/pic/crtbegin.o
 *fill*         0x00000000000004ac        0x4 
 .text.consoleDrawChar
                0x00000000000004b0      0x294 C:/devkitPro/libnx/lib\libnx.a(console.o)
                0x00000000000004b0                consoleDrawChar
 *fill*         0x0000000000000744        0xc 
 .text.consolePrintChar
                0x0000000000000750      0x164 C:/devkitPro/libnx/lib\libnx.a(console.o)
                0x0000000000000750                consolePrintChar
 *fill*         0x00000000000008b4        0xc 
 .text.consoleClearLine
                0x00000000000008c0      0x170 C:/devkitPro/libnx/lib\libnx.a(console.o)
 .text.newRow   0x0000000000000a30      0x1c4 C:/devkitPro/libnx/lib\libnx.a(console.o)
 *fill*         0x0000000000000bf4        0xc 
 .text.consoleCls
                0x0000000000000c00      0x18c C:/devkitPro/libnx/lib\libnx.a(console.o)
 *fill*         0x0000000000000d8c        0x4 
 .text.consoleInit
                0x0000000000000d90       0xf8 C:/devkitPro/libnx/lib\libnx.a(console.o)
                0x0000000000000d90                consoleInit
 *fill*         0x0000000000000e88        0x8 
 .text.con_write
                0x0000000000000e90      0x854 C:/devkitPro/libnx/lib\libnx.a(console.o)
 *fill*         0x00000000000016e4        0xc 
 .text.ipcCloseObjectById
                0x00000000000016f0       0x34 C:/devkitPro/libnx/lib\libnx.a(applet.o)
 *fill*         0x0000000000001724        0xc 
 .text._appletGetHandle
                0x0000000000001730      0x124 C:/devkitPro/libnx/lib\libnx.a(applet.o)
 *fill*         0x0000000000001854        0xc 
 .text._appletGetOperationMode.constprop.13
                0x0000000000001860       0xe0 C:/devkitPro/libnx/lib\libnx.a(applet.o)
 .text._appletGetCurrentFocusState.constprop.15
                0x0000000000001940       0xe0 C:/devkitPro/libnx/lib\libnx.a(applet.o)
 .text._appletReceiveMessage
                0x0000000000001a20       0xec C:/devkitPro/libnx/lib\libnx.a(applet.o)
 *fill*         0x0000000000001b0c        0x4 
 .text._appletGetPerformanceMode.constprop.14
                0x0000000000001b10       0xe0 C:/devkitPro/libnx/lib\libnx.a(applet.o)
 .text._appletAcquireForegroundRights
                0x0000000000001bf0       0xcc C:/devkitPro/libnx/lib\libnx.a(applet.o)
 *fill*         0x0000000000001cbc        0x4 
 .text._appletSetOperationModeChangedNotification.constprop.16
                0x0000000000001cc0       0xd4 C:/devkitPro/libnx/lib\libnx.a(applet.o)
 *fill*         0x0000000000001d94        0xc 
 .text._appletSetPerformanceModeChangedNotification.constprop.17
                0x0000000000001da0       0xd4 C:/devkitPro/libnx/lib\libnx.a(applet.o)
 *fill*         0x0000000000001e74        0xc 
 .text._appletSetOutOfFocusSuspendingEnabled
                0x0000000000001e80       0xd0 C:/devkitPro/libnx/lib\libnx.a(applet.o)
 .text._appletSetFocusHandlingMode
                0x0000000000001f50       0xd8 C:/devkitPro/libnx/lib\libnx.a(applet.o)
 *fill*         0x0000000000002028        0x8 
 .text._appletGetAppletResourceUserId.constprop.11
                0x0000000000002030       0xe0 C:/devkitPro/libnx/lib\libnx.a(applet.o)
 .text._appletGetSessionProxy.constprop.10
                0x0000000000002110      0x13c C:/devkitPro/libnx/lib\libnx.a(applet.o)
 *fill*         0x000000000000224c        0x4 
 .text.appletExit
                0x0000000000002250      0x48c C:/devkitPro/libnx/lib\libnx.a(applet.o)
                0x0000000000002250                appletExit
 *fill*         0x00000000000026dc        0x4 
 .text.appletHook
                0x00000000000026e0       0x28 C:/devkitPro/libnx/lib\libnx.a(applet.o)
                0x00000000000026e0                appletHook
 *fill*         0x0000000000002708        0x8 
 .text.appletUnhook
                0x0000000000002710       0x34 C:/devkitPro/libnx/lib\libnx.a(applet.o)
                0x0000000000002710                appletUnhook
 *fill*         0x0000000000002744        0xc 
 .text.appletGetAppletResourceUserId
                0x0000000000002750       0x28 C:/devkitPro/libnx/lib\libnx.a(applet.o)
                0x0000000000002750                appletGetAppletResourceUserId
 *fill*         0x0000000000002778        0x8 
 .text.appletNotifyRunning
                0x0000000000002780      0x120 C:/devkitPro/libnx/lib\libnx.a(applet.o)
                0x0000000000002780                appletNotifyRunning
 .text.appletInitialize
                0x00000000000028a0      0x4dc C:/devkitPro/libnx/lib\libnx.a(applet.o)
                0x00000000000028a0                appletInitialize
 *fill*         0x0000000000002d7c        0x4 
 .text.appletCreateManagedDisplayLayer
                0x0000000000002d80       0xec C:/devkitPro/libnx/lib\libnx.a(applet.o)
                0x0000000000002d80                appletCreateManagedDisplayLayer
 *fill*         0x0000000000002e6c        0x4 
 .text.appletGetOperationMode
                0x0000000000002e70        0xc C:/devkitPro/libnx/lib\libnx.a(applet.o)
                0x0000000000002e70                appletGetOperationMode
 *fill*         0x0000000000002e7c        0x4 
 .text.appletMainLoop
                0x0000000000002e80      0x144 C:/devkitPro/libnx/lib\libnx.a(applet.o)
                0x0000000000002e80                appletMainLoop
 *fill*         0x0000000000002fc4        0xc 
 .text.ipcCloseObjectById
                0x0000000000002fd0       0x34 C:/devkitPro/libnx/lib\libnx.a(hid.o)
 *fill*         0x0000000000003004        0xc 
 .text._hidGetSharedMemoryHandle.constprop.8
                0x0000000000003010      0x124 C:/devkitPro/libnx/lib\libnx.a(hid.o)
 *fill*         0x0000000000003134        0xc 
 .text._hidCreateAppletResource.constprop.7
                0x0000000000003140      0x134 C:/devkitPro/libnx/lib\libnx.a(hid.o)
 *fill*         0x0000000000003274        0xc 
 .text.hidReset
                0x0000000000003280      0x1b0 C:/devkitPro/libnx/lib\libnx.a(hid.o)
                0x0000000000003280                hidReset
 .text.hidGetSharedmemAddr
                0x0000000000003430        0xc C:/devkitPro/libnx/lib\libnx.a(hid.o)
                0x0000000000003430                hidGetSharedmemAddr
 *fill*         0x000000000000343c        0x4 
 .text.hidKeysDown
                0x0000000000003440       0x6c C:/devkitPro/libnx/lib\libnx.a(hid.o)
                0x0000000000003440                hidKeysDown
 *fill*         0x00000000000034ac        0x4 
 .text.hidTouchCount
                0x00000000000034b0        0xc C:/devkitPro/libnx/lib\libnx.a(hid.o)
                0x00000000000034b0                hidTouchCount
 *fill*         0x00000000000034bc        0x4 
 .text.hidScanInput
                0x00000000000034c0      0x49c C:/devkitPro/libnx/lib\libnx.a(hid.o)
                0x00000000000034c0                hidScanInput
 *fill*         0x000000000000395c        0x4 
 .text.hidSetNpadJoyAssignmentModeDual
                0x0000000000003960      0x108 C:/devkitPro/libnx/lib\libnx.a(hid.o)
                0x0000000000003960                hidSetNpadJoyAssignmentModeDual
 *fill*         0x0000000000003a68        0x8 
 .text.hidExit  0x0000000000003a70      0x120 C:/devkitPro/libnx/lib\libnx.a(hid.o)
                0x0000000000003a70                hidExit
 .text.hidInitialize
                0x0000000000003b90       0xec C:/devkitPro/libnx/lib\libnx.a(hid.o)
                0x0000000000003b90                hidInitialize
 *fill*         0x0000000000003c7c        0x4 
 .text.smAddOverrideHandle
                0x0000000000003c80       0x44 C:/devkitPro/libnx/lib\libnx.a(sm.o)
                0x0000000000003c80                smAddOverrideHandle
 *fill*         0x0000000000003cc4        0xc 
 .text.smGetServiceOverride
                0x0000000000003cd0       0x60 C:/devkitPro/libnx/lib\libnx.a(sm.o)
                0x0000000000003cd0                smGetServiceOverride
 .text.smHasInitialized
                0x0000000000003d30       0x14 C:/devkitPro/libnx/lib\libnx.a(sm.o)
                0x0000000000003d30                smHasInitialized
 *fill*         0x0000000000003d44        0xc 
 .text.smExit   0x0000000000003d50       0x48 C:/devkitPro/libnx/lib\libnx.a(sm.o)
                0x0000000000003d50                smExit
 *fill*         0x0000000000003d98        0x8 
 .text.smEncodeName
                0x0000000000003da0       0x38 C:/devkitPro/libnx/lib\libnx.a(sm.o)
                0x0000000000003da0                smEncodeName
 *fill*         0x0000000000003dd8        0x8 
 .text.smGetServiceOriginal
                0x0000000000003de0      0x12c C:/devkitPro/libnx/lib\libnx.a(sm.o)
                0x0000000000003de0                smGetServiceOriginal
 *fill*         0x0000000000003f0c        0x4 
 .text.smInitialize
                0x0000000000003f10      0x158 C:/devkitPro/libnx/lib\libnx.a(sm.o)
                0x0000000000003f10                smInitialize
 *fill*         0x0000000000004068        0x8 
 .text.smGetService
                0x0000000000004070       0x74 C:/devkitPro/libnx/lib\libnx.a(sm.o)
                0x0000000000004070                smGetService
 *fill*         0x00000000000040e4        0xc 
 .text.ipcCloseObjectById
                0x00000000000040f0       0x34 C:/devkitPro/libnx/lib\libnx.a(apm.o)
 *fill*         0x0000000000004124        0xc 
 .text._apmGetSession.constprop.4
                0x0000000000004130      0x124 C:/devkitPro/libnx/lib\libnx.a(apm.o)
 *fill*         0x0000000000004254        0xc 
 .text.apmExit  0x0000000000004260       0xf0 C:/devkitPro/libnx/lib\libnx.a(apm.o)
                0x0000000000004260                apmExit
 .text.apmInitialize
                0x0000000000004350       0x8c C:/devkitPro/libnx/lib\libnx.a(apm.o)
                0x0000000000004350                apmInitialize
 *fill*         0x00000000000043dc        0x4 
 .text.apmSetPerformanceConfiguration
                0x00000000000043e0       0xcc C:/devkitPro/libnx/lib\libnx.a(apm.o)
                0x00000000000043e0                apmSetPerformanceConfiguration
 *fill*         0x00000000000044ac        0x4 
 .text.fatalSimple
                0x00000000000044b0       0xc0 C:/devkitPro/libnx/lib\libnx.a(fatal.o)
                0x00000000000044b0                fatalSimple
 .text._gfxDequeueBuffer.part.0
                0x0000000000004570       0xc8 C:/devkitPro/libnx/lib\libnx.a(gfx.o)
 *fill*         0x0000000000004638        0x8 
 .text._gfxQueueBuffer.part.1
                0x0000000000004640       0x38 C:/devkitPro/libnx/lib\libnx.a(gfx.o)
 *fill*         0x0000000000004678        0x8 
 .text.gfxConfigureCrop
                0x0000000000004680       0xe8 C:/devkitPro/libnx/lib\libnx.a(gfx.o)
                0x0000000000004680                gfxConfigureCrop
 *fill*         0x0000000000004768        0x8 
 .text.gfxConfigureResolution
                0x0000000000004770       0x14 C:/devkitPro/libnx/lib\libnx.a(gfx.o)
                0x0000000000004770                gfxConfigureResolution
 *fill*         0x0000000000004784        0xc 
 .text._gfxAutoResolutionAppletHook
                0x0000000000004790       0x60 C:/devkitPro/libnx/lib\libnx.a(gfx.o)
 .text.gfxConfigureAutoResolution
                0x00000000000047f0      0x11c C:/devkitPro/libnx/lib\libnx.a(gfx.o)
                0x00000000000047f0                gfxConfigureAutoResolution
 *fill*         0x000000000000490c        0x4 
 .text.gfxExit  0x0000000000004910      0x178 C:/devkitPro/libnx/lib\libnx.a(gfx.o)
                0x0000000000004910                gfxExit
 *fill*         0x0000000000004a88        0x8 
 .text._gfxGraphicBufferInit
                0x0000000000004a90       0x54 C:/devkitPro/libnx/lib\libnx.a(gfx.o)
                0x0000000000004a90                _gfxGraphicBufferInit
 *fill*         0x0000000000004ae4        0xc 
 .text.gfxWaitForVsync
                0x0000000000004af0       0x80 C:/devkitPro/libnx/lib\libnx.a(gfx.o)
                0x0000000000004af0                gfxWaitForVsync
 .text.gfxInitDefault
                0x0000000000004b70      0x588 C:/devkitPro/libnx/lib\libnx.a(gfx.o)
                0x0000000000004b70                gfxInitDefault
 *fill*         0x00000000000050f8        0x8 
 .text.gfxSwapBuffers
                0x0000000000005100       0x5c C:/devkitPro/libnx/lib\libnx.a(gfx.o)
                0x0000000000005100                gfxSwapBuffers
 *fill*         0x000000000000515c        0x4 
 .text.gfxGetFramebuffer
                0x0000000000005160       0x68 C:/devkitPro/libnx/lib\libnx.a(gfx.o)
                0x0000000000005160                gfxGetFramebuffer
 *fill*         0x00000000000051c8        0x8 
 .text.gfxSetMode
                0x00000000000051d0        0xc C:/devkitPro/libnx/lib\libnx.a(gfx.o)
                0x00000000000051d0                gfxSetMode
 *fill*         0x00000000000051dc        0x4 
 .text.gfxFlushBuffers
                0x00000000000051e0      0x144 C:/devkitPro/libnx/lib\libnx.a(gfx.o)
                0x00000000000051e0                gfxFlushBuffers
 *fill*         0x0000000000005324        0xc 
 .text.nvmapobjClose
                0x0000000000005330       0x3c C:/devkitPro/libnx/lib\libnx.a(nvgfx.o)
 *fill*         0x000000000000536c        0x4 
 .text.nvmapobjInitialize.part.0
                0x0000000000005370       0x6c C:/devkitPro/libnx/lib\libnx.a(nvgfx.o)
 *fill*         0x00000000000053dc        0x4 
 .text.nvmapobjSetup.constprop.2
                0x00000000000053e0       0x70 C:/devkitPro/libnx/lib\libnx.a(nvgfx.o)
 .text.nvgfxInitialize
                0x0000000000005450      0xbd8 C:/devkitPro/libnx/lib\libnx.a(nvgfx.o)
                0x0000000000005450                nvgfxInitialize
 *fill*         0x0000000000006028        0x8 
 .text.nvgfxExit
                0x0000000000006030      0x128 C:/devkitPro/libnx/lib\libnx.a(nvgfx.o)
                0x0000000000006030                nvgfxExit
 *fill*         0x0000000000006158        0x8 
 .text.nvgfxEventWait
                0x0000000000006160       0x68 C:/devkitPro/libnx/lib\libnx.a(nvgfx.o)
                0x0000000000006160                nvgfxEventWait
 *fill*         0x00000000000061c8        0x8 
 .text.nvgfxGetFramebuffer
                0x00000000000061d0       0x3c C:/devkitPro/libnx/lib\libnx.a(nvgfx.o)
                0x00000000000061d0                nvgfxGetFramebuffer
 *fill*         0x000000000000620c        0x4 
 .text.nvioctlChannel_SetNvmapFd
                0x0000000000006210       0x24 C:/devkitPro/libnx/lib\libnx.a(channel.o)
                0x0000000000006210                nvioctlChannel_SetNvmapFd
 *fill*         0x0000000000006234        0xc 
 .text.nvioctlChannel_AllocObjCtx
                0x0000000000006240       0x30 C:/devkitPro/libnx/lib\libnx.a(channel.o)
                0x0000000000006240                nvioctlChannel_AllocObjCtx
 .text.nvioctlChannel_ZCullBind
                0x0000000000006270       0x28 C:/devkitPro/libnx/lib\libnx.a(channel.o)
                0x0000000000006270                nvioctlChannel_ZCullBind
 *fill*         0x0000000000006298        0x8 
 .text.nvioctlChannel_SetErrorNotifier
                0x00000000000062a0       0x28 C:/devkitPro/libnx/lib\libnx.a(channel.o)
                0x00000000000062a0                nvioctlChannel_SetErrorNotifier
 *fill*         0x00000000000062c8        0x8 
 .text.nvioctlChannel_SetPriority
                0x00000000000062d0       0x24 C:/devkitPro/libnx/lib\libnx.a(channel.o)
                0x00000000000062d0                nvioctlChannel_SetPriority
 *fill*         0x00000000000062f4        0xc 
 .text.nvioctlChannel_AllocGpfifoEx2
                0x0000000000006300       0x54 C:/devkitPro/libnx/lib\libnx.a(channel.o)
                0x0000000000006300                nvioctlChannel_AllocGpfifoEx2
 *fill*         0x0000000000006354        0xc 
 .text.nvioctlChannel_SetUserData
                0x0000000000006360       0x24 C:/devkitPro/libnx/lib\libnx.a(channel.o)
                0x0000000000006360                nvioctlChannel_SetUserData
 *fill*         0x0000000000006384        0xc 
 .text.nvioctlNvhostCtrl_EventWait
                0x0000000000006390       0x40 C:/devkitPro/libnx/lib\libnx.a(nvhost-ctrl.o)
                0x0000000000006390                nvioctlNvhostCtrl_EventWait
 .text.nvioctlNvhostCtrlGpu_ZCullGetCtxSize
                0x00000000000063d0       0x3c C:/devkitPro/libnx/lib\libnx.a(nvhost-ctrl-gpu.o)
                0x00000000000063d0                nvioctlNvhostCtrlGpu_ZCullGetCtxSize
 *fill*         0x000000000000640c        0x4 
 .text.nvioctlNvhostCtrlGpu_ZCullGetInfo
                0x0000000000006410       0x60 C:/devkitPro/libnx/lib\libnx.a(nvhost-ctrl-gpu.o)
                0x0000000000006410                nvioctlNvhostCtrlGpu_ZCullGetInfo
 .text.nvioctlNvhostCtrlGpu_GetCharacteristics
                0x0000000000006470       0x9c C:/devkitPro/libnx/lib\libnx.a(nvhost-ctrl-gpu.o)
                0x0000000000006470                nvioctlNvhostCtrlGpu_GetCharacteristics
 *fill*         0x000000000000650c        0x4 
 .text.nvioctlNvhostCtrlGpu_GetTpcMasks
                0x0000000000006510       0x5c C:/devkitPro/libnx/lib\libnx.a(nvhost-ctrl-gpu.o)
                0x0000000000006510                nvioctlNvhostCtrlGpu_GetTpcMasks
 *fill*         0x000000000000656c        0x4 
 .text.nvioctlNvhostCtrlGpu_GetL2State
                0x0000000000006570       0x3c C:/devkitPro/libnx/lib\libnx.a(nvhost-ctrl-gpu.o)
                0x0000000000006570                nvioctlNvhostCtrlGpu_GetL2State
 *fill*         0x00000000000065ac        0x4 
 .text.nvioctlNvhostAsGpu_BindChannel
                0x00000000000065b0       0x24 C:/devkitPro/libnx/lib\libnx.a(nvhost-as-gpu.o)
                0x00000000000065b0                nvioctlNvhostAsGpu_BindChannel
 *fill*         0x00000000000065d4        0xc 
 .text.nvioctlNvhostAsGpu_AllocSpace
                0x00000000000065e0       0x44 C:/devkitPro/libnx/lib\libnx.a(nvhost-as-gpu.o)
                0x00000000000065e0                nvioctlNvhostAsGpu_AllocSpace
 *fill*         0x0000000000006624        0xc 
 .text.nvioctlNvhostAsGpu_MapBufferEx
                0x0000000000006630       0x50 C:/devkitPro/libnx/lib\libnx.a(nvhost-as-gpu.o)
                0x0000000000006630                nvioctlNvhostAsGpu_MapBufferEx
 .text.nvioctlNvhostAsGpu_GetVARegions
                0x0000000000006680       0x70 C:/devkitPro/libnx/lib\libnx.a(nvhost-as-gpu.o)
                0x0000000000006680                nvioctlNvhostAsGpu_GetVARegions
 .text.nvioctlNvhostAsGpu_InitializeEx
                0x00000000000066f0       0x3c C:/devkitPro/libnx/lib\libnx.a(nvhost-as-gpu.o)
                0x00000000000066f0                nvioctlNvhostAsGpu_InitializeEx
 *fill*         0x000000000000672c        0x4 
 .text.nvioctlNvmap_Create
                0x0000000000006730       0x3c C:/devkitPro/libnx/lib\libnx.a(nvmap.o)
                0x0000000000006730                nvioctlNvmap_Create
 *fill*         0x000000000000676c        0x4 
 .text.nvioctlNvmap_FromId
                0x0000000000006770       0x3c C:/devkitPro/libnx/lib\libnx.a(nvmap.o)
                0x0000000000006770                nvioctlNvmap_FromId
 *fill*         0x00000000000067ac        0x4 
 .text.nvioctlNvmap_Alloc
                0x00000000000067b0       0x30 C:/devkitPro/libnx/lib\libnx.a(nvmap.o)
                0x00000000000067b0                nvioctlNvmap_Alloc
 .text.nvioctlNvmap_GetId
                0x00000000000067e0       0x3c C:/devkitPro/libnx/lib\libnx.a(nvmap.o)
                0x00000000000067e0                nvioctlNvmap_GetId
 .text.armDCacheFlush
                0x000000000000681c       0x3c C:/devkitPro/libnx/lib\libnx.a(cache.o)
                0x000000000000681c                armDCacheFlush
 .text.svcSetHeapSize
                0x0000000000006858       0x14 C:/devkitPro/libnx/lib\libnx.a(svc.o)
                0x0000000000006858                svcSetHeapSize
 .text.svcUnmapMemory
                0x000000000000686c        0x8 C:/devkitPro/libnx/lib\libnx.a(svc.o)
                0x000000000000686c                svcUnmapMemory
 .text.svcQueryMemory
                0x0000000000006874       0x14 C:/devkitPro/libnx/lib\libnx.a(svc.o)
                0x0000000000006874                svcQueryMemory
 .text.svcExitProcess
                0x0000000000006888        0x8 C:/devkitPro/libnx/lib\libnx.a(svc.o)
                0x0000000000006888                svcExitProcess
 .text.svcSleepThread
                0x0000000000006890        0x8 C:/devkitPro/libnx/lib\libnx.a(svc.o)
                0x0000000000006890                svcSleepThread
 .text.svcMapSharedMemory
                0x0000000000006898        0x8 C:/devkitPro/libnx/lib\libnx.a(svc.o)
                0x0000000000006898                svcMapSharedMemory
 .text.svcUnmapSharedMemory
                0x00000000000068a0        0x8 C:/devkitPro/libnx/lib\libnx.a(svc.o)
                0x00000000000068a0                svcUnmapSharedMemory
 .text.svcCreateTransferMemory
                0x00000000000068a8       0x14 C:/devkitPro/libnx/lib\libnx.a(svc.o)
                0x00000000000068a8                svcCreateTransferMemory
 .text.svcCloseHandle
                0x00000000000068bc        0x8 C:/devkitPro/libnx/lib\libnx.a(svc.o)
                0x00000000000068bc                svcCloseHandle
 .text.svcResetSignal
                0x00000000000068c4        0x8 C:/devkitPro/libnx/lib\libnx.a(svc.o)
                0x00000000000068c4                svcResetSignal
 .text.svcWaitSynchronization
                0x00000000000068cc       0x14 C:/devkitPro/libnx/lib\libnx.a(svc.o)
                0x00000000000068cc                svcWaitSynchronization
 .text.svcArbitrateLock
                0x00000000000068e0        0x8 C:/devkitPro/libnx/lib\libnx.a(svc.o)
                0x00000000000068e0                svcArbitrateLock
 .text.svcArbitrateUnlock
                0x00000000000068e8        0x8 C:/devkitPro/libnx/lib\libnx.a(svc.o)
                0x00000000000068e8                svcArbitrateUnlock
 .text.svcGetSystemTick
                0x00000000000068f0        0x8 C:/devkitPro/libnx/lib\libnx.a(svc.o)
                0x00000000000068f0                svcGetSystemTick
 .text.svcConnectToNamedPort
                0x00000000000068f8       0x14 C:/devkitPro/libnx/lib\libnx.a(svc.o)
                0x00000000000068f8                svcConnectToNamedPort
 .text.svcSendSyncRequest
                0x000000000000690c        0x8 C:/devkitPro/libnx/lib\libnx.a(svc.o)
                0x000000000000690c                svcSendSyncRequest
 .text.svcBreak
                0x0000000000006914        0x8 C:/devkitPro/libnx/lib\libnx.a(svc.o)
                0x0000000000006914                svcBreak
 .text.svcGetInfo
                0x000000000000691c       0x14 C:/devkitPro/libnx/lib\libnx.a(svc.o)
                0x000000000000691c                svcGetInfo
 .text.svcUnmapTransferMemory
                0x0000000000006930        0x8 C:/devkitPro/libnx/lib\libnx.a(svc.o)
                0x0000000000006930                svcUnmapTransferMemory
 *fill*         0x0000000000006938        0x8 
 .text.__nx_dynamic
                0x0000000000006940       0xa0 C:/devkitPro/libnx/lib\libnx.a(dynamic.o)
                0x0000000000006940                __nx_dynamic
 .text.__libnx_initheap
                0x00000000000069e0       0xd8 C:/devkitPro/libnx/lib\libnx.a(init.o)
                0x00000000000069e0                __libnx_initheap
 *fill*         0x0000000000006ab8        0x8 
 .text.__appInit
                0x0000000000006ac0       0x74 C:/devkitPro/libnx/lib\libnx.a(init.o)
                0x0000000000006ac0                __appInit
 *fill*         0x0000000000006b34        0xc 
 .text.__appExit
                0x0000000000006b40       0x24 C:/devkitPro/libnx/lib\libnx.a(init.o)
                0x0000000000006b40                __appExit
 *fill*         0x0000000000006b64        0xc 
 .text.__libnx_init
                0x0000000000006b70       0x28 C:/devkitPro/libnx/lib\libnx.a(init.o)
                0x0000000000006b70                __libnx_init
 *fill*         0x0000000000006b98        0x8 
 .text.__libnx_exit
                0x0000000000006ba0       0x20 C:/devkitPro/libnx/lib\libnx.a(init.o)
                0x0000000000006ba0                __libnx_exit
 .text.envSetup
                0x0000000000006bc0      0x1b0 C:/devkitPro/libnx/lib\libnx.a(env.o)
                0x0000000000006bc0                envSetup
 .text.envGetMainThreadHandle
                0x0000000000006d70       0x20 C:/devkitPro/libnx/lib\libnx.a(env.o)
                0x0000000000006d70                envGetMainThreadHandle
 .text.envIsNso
                0x0000000000006d90        0xc C:/devkitPro/libnx/lib\libnx.a(env.o)
                0x0000000000006d90                envIsNso
 *fill*         0x0000000000006d9c        0x4 
 .text.envHasHeapOverride
                0x0000000000006da0       0x14 C:/devkitPro/libnx/lib\libnx.a(env.o)
                0x0000000000006da0                envHasHeapOverride
 *fill*         0x0000000000006db4        0xc 
 .text.envGetHeapOverrideAddr
                0x0000000000006dc0        0xc C:/devkitPro/libnx/lib\libnx.a(env.o)
                0x0000000000006dc0                envGetHeapOverrideAddr
 *fill*         0x0000000000006dcc        0x4 
 .text.envGetHeapOverrideSize
                0x0000000000006dd0        0xc C:/devkitPro/libnx/lib\libnx.a(env.o)
                0x0000000000006dd0                envGetHeapOverrideSize
 *fill*         0x0000000000006ddc        0x4 
 .text.envHasArgv
                0x0000000000006de0       0x14 C:/devkitPro/libnx/lib\libnx.a(env.o)
                0x0000000000006de0                envHasArgv
 *fill*         0x0000000000006df4        0xc 
 .text.envGetArgv
                0x0000000000006e00        0xc C:/devkitPro/libnx/lib\libnx.a(env.o)
                0x0000000000006e00                envGetArgv
 *fill*         0x0000000000006e0c        0x4 
 .text.envGetExitFuncPtr
                0x0000000000006e10        0xc C:/devkitPro/libnx/lib\libnx.a(env.o)
                0x0000000000006e10                envGetExitFuncPtr
 *fill*         0x0000000000006e1c        0x4 
 .text.mutexInit
                0x0000000000006e20        0x8 C:/devkitPro/libnx/lib\libnx.a(newlib.o)
 *fill*         0x0000000000006e28        0x8 
 .text.rmutexInit
                0x0000000000006e30        0xc C:/devkitPro/libnx/lib\libnx.a(newlib.o)
 *fill*         0x0000000000006e3c        0x4 
 .text.__libnx_gtod
                0x0000000000006e40       0x80 C:/devkitPro/libnx/lib\libnx.a(newlib.o)
                0x0000000000006e40                __libnx_gtod
 .text.__libnx_get_reent
                0x0000000000006ec0       0x34 C:/devkitPro/libnx/lib\libnx.a(newlib.o)
 *fill*         0x0000000000006ef4        0xc 
 .text.newlibSetup
                0x0000000000006f00       0xec C:/devkitPro/libnx/lib\libnx.a(newlib.o)
                0x0000000000006f00                newlibSetup
 *fill*         0x0000000000006fec        0x4 
 .text.argvSetup
                0x0000000000006ff0      0x368 C:/devkitPro/libnx/lib\libnx.a(argv.o)
                0x0000000000006ff0                argvSetup
 *fill*         0x0000000000007358        0x8 
 .text._CacheValues
                0x0000000000007360      0x140 C:/devkitPro/libnx/lib\libnx.a(detect.o)
 .text.kernelAbove200
                0x00000000000074a0       0x1c C:/devkitPro/libnx/lib\libnx.a(detect.o)
                0x00000000000074a0                kernelAbove200
 *fill*         0x00000000000074bc        0x4 
 .text.kernelAbove300
                0x00000000000074c0       0x1c C:/devkitPro/libnx/lib\libnx.a(detect.o)
                0x00000000000074c0                kernelAbove300
 *fill*         0x00000000000074dc        0x4 
 .text.detectDebugger
                0x00000000000074e0       0x30 C:/devkitPro/libnx/lib\libnx.a(detect.o)
                0x00000000000074e0                detectDebugger
 .text.shmemLoadRemote
                0x0000000000007510       0x14 C:/devkitPro/libnx/lib\libnx.a(shmem.o)
                0x0000000000007510                shmemLoadRemote
 *fill*         0x0000000000007524        0xc 
 .text.shmemMap
                0x0000000000007530       0x84 C:/devkitPro/libnx/lib\libnx.a(shmem.o)
                0x0000000000007530                shmemMap
 *fill*         0x00000000000075b4        0xc 
 .text.shmemUnmap
                0x00000000000075c0       0x58 C:/devkitPro/libnx/lib\libnx.a(shmem.o)
                0x00000000000075c0                shmemUnmap
 *fill*         0x0000000000007618        0x8 
 .text.shmemClose
                0x0000000000007620       0x44 C:/devkitPro/libnx/lib\libnx.a(shmem.o)
                0x0000000000007620                shmemClose
 *fill*         0x0000000000007664        0xc 
 .text.rwlockReadLock
                0x0000000000007670       0x4c C:/devkitPro/libnx/lib\libnx.a(rwlock.o)
                0x0000000000007670                rwlockReadLock
 *fill*         0x00000000000076bc        0x4 
 .text.rwlockReadUnlock
                0x00000000000076c0       0x4c C:/devkitPro/libnx/lib\libnx.a(rwlock.o)
                0x00000000000076c0                rwlockReadUnlock
 *fill*         0x000000000000770c        0x4 
 .text.rwlockWriteLock
                0x0000000000007710        0x8 C:/devkitPro/libnx/lib\libnx.a(rwlock.o)
                0x0000000000007710                rwlockWriteLock
 *fill*         0x0000000000007718        0x8 
 .text.rwlockWriteUnlock
                0x0000000000007720        0x8 C:/devkitPro/libnx/lib\libnx.a(rwlock.o)
                0x0000000000007720                rwlockWriteUnlock
 *fill*         0x0000000000007728        0x8 
 .text.mutexLock
                0x0000000000007730       0x94 C:/devkitPro/libnx/lib\libnx.a(mutex.o)
                0x0000000000007730                mutexLock
 *fill*         0x00000000000077c4        0xc 
 .text.mutexUnlock
                0x00000000000077d0       0x24 C:/devkitPro/libnx/lib\libnx.a(mutex.o)
                0x00000000000077d0                mutexUnlock
 *fill*         0x00000000000077f4        0xc 
 .text.rmutexLock
                0x0000000000007800       0x4c C:/devkitPro/libnx/lib\libnx.a(mutex.o)
                0x0000000000007800                rmutexLock
 *fill*         0x000000000000784c        0x4 
 .text.rmutexUnlock
                0x0000000000007850       0x1c C:/devkitPro/libnx/lib\libnx.a(mutex.o)
                0x0000000000007850                rmutexUnlock
 *fill*         0x000000000000786c        0x4 
 .text._GetRegionFromInfo.isra.1
                0x0000000000007870       0x7c C:/devkitPro/libnx/lib\libnx.a(virtmem.o)
 *fill*         0x00000000000078ec        0x4 
 .text.virtmemSetup
                0x00000000000078f0       0xe4 C:/devkitPro/libnx/lib\libnx.a(virtmem.o)
                0x00000000000078f0                virtmemSetup
 *fill*         0x00000000000079d4        0xc 
 .text.virtmemReserve
                0x00000000000079e0      0x13c C:/devkitPro/libnx/lib\libnx.a(virtmem.o)
                0x00000000000079e0                virtmemReserve
 *fill*         0x0000000000007b1c        0x4 
 .text.virtmemFree
                0x0000000000007b20        0x4 C:/devkitPro/libnx/lib\libnx.a(virtmem.o)
                0x0000000000007b20                virtmemFree
 *fill*         0x0000000000007b24        0xc 
 .text.fsdev_link
                0x0000000000007b30       0x10 C:/devkitPro/libnx/lib\libnx.a(fs_dev.o)
 .text.fsdev_dirreset
                0x0000000000007b40       0x10 C:/devkitPro/libnx/lib\libnx.a(fs_dev.o)
 .text.fsdev_chmod
                0x0000000000007b50       0x10 C:/devkitPro/libnx/lib\libnx.a(fs_dev.o)
 .text.error_cmp
                0x0000000000007b60       0x1c C:/devkitPro/libnx/lib\libnx.a(fs_dev.o)
 *fill*         0x0000000000007b7c        0x4 
 .text.fsdev_translate_error
                0x0000000000007b80       0x58 C:/devkitPro/libnx/lib\libnx.a(fs_dev.o)
 *fill*         0x0000000000007bd8        0x8 
 .text.fsdev_fsync
                0x0000000000007be0       0x40 C:/devkitPro/libnx/lib\libnx.a(fs_dev.o)
 .text.fsdev_ftruncate
                0x0000000000007c20       0x60 C:/devkitPro/libnx/lib\libnx.a(fs_dev.o)
 .text.fsdev_dirclose
                0x0000000000007c80       0x20 C:/devkitPro/libnx/lib\libnx.a(fs_dev.o)
 .text.fsdev_dirnext
                0x0000000000007ca0      0x16c C:/devkitPro/libnx/lib\libnx.a(fs_dev.o)
 *fill*         0x0000000000007e0c        0x4 
 .text.fsdev_close
                0x0000000000007e10       0x1c C:/devkitPro/libnx/lib\libnx.a(fs_dev.o)
 *fill*         0x0000000000007e2c        0x4 
 .text.fsdev_fstat
                0x0000000000007e30       0x80 C:/devkitPro/libnx/lib\libnx.a(fs_dev.o)
 .text.fsdev_seek
                0x0000000000007eb0       0xb0 C:/devkitPro/libnx/lib\libnx.a(fs_dev.o)
 .text.fsdev_read
                0x0000000000007f60      0x198 C:/devkitPro/libnx/lib\libnx.a(fs_dev.o)
 *fill*         0x00000000000080f8        0x8 
 .text.fsdev_write
                0x0000000000008100      0x1a0 C:/devkitPro/libnx/lib\libnx.a(fs_dev.o)
 .text.fsdevFindDevice
                0x00000000000082a0      0x118 C:/devkitPro/libnx/lib\libnx.a(fs_dev.o)
 *fill*         0x00000000000083b8        0x8 
 .text._fsdevMountDevice
                0x00000000000083c0      0x168 C:/devkitPro/libnx/lib\libnx.a(fs_dev.o)
 *fill*         0x0000000000008528        0x8 
 .text.fsdev_getfspath
                0x0000000000008530      0x1fc C:/devkitPro/libnx/lib\libnx.a(fs_dev.o)
 *fill*         0x000000000000872c        0x4 
 .text.fsdev_rmdir
                0x0000000000008730       0x70 C:/devkitPro/libnx/lib\libnx.a(fs_dev.o)
 .text.fsdev_statvfs
                0x00000000000087a0       0xd4 C:/devkitPro/libnx/lib\libnx.a(fs_dev.o)
 *fill*         0x0000000000008874        0xc 
 .text.fsdev_diropen
                0x0000000000008880       0xec C:/devkitPro/libnx/lib\libnx.a(fs_dev.o)
 *fill*         0x000000000000896c        0x4 
 .text.fsdev_mkdir
                0x0000000000008970       0x70 C:/devkitPro/libnx/lib\libnx.a(fs_dev.o)
 .text.fsdev_rename
                0x00000000000089e0      0x114 C:/devkitPro/libnx/lib\libnx.a(fs_dev.o)
 *fill*         0x0000000000008af4        0xc 
 .text.fsdev_chdir
                0x0000000000008b00       0xc4 C:/devkitPro/libnx/lib\libnx.a(fs_dev.o)
 *fill*         0x0000000000008bc4        0xc 
 .text.fsdev_unlink
                0x0000000000008bd0       0x70 C:/devkitPro/libnx/lib\libnx.a(fs_dev.o)
 .text.fsdev_stat
                0x0000000000008c40      0x168 C:/devkitPro/libnx/lib\libnx.a(fs_dev.o)
 *fill*         0x0000000000008da8        0x8 
 .text.fsdev_open
                0x0000000000008db0      0x180 C:/devkitPro/libnx/lib\libnx.a(fs_dev.o)
 .text._fsdevUnmountDeviceStruct.part.4
                0x0000000000008f30       0xb8 C:/devkitPro/libnx/lib\libnx.a(fs_dev.o)
 *fill*         0x0000000000008fe8        0x8 
 .text.fsdev_fchmod
                0x0000000000008ff0       0x10 C:/devkitPro/libnx/lib\libnx.a(fs_dev.o)
 .text.fsdevMountSdmc
                0x0000000000009000      0x158 C:/devkitPro/libnx/lib\libnx.a(fs_dev.o)
                0x0000000000009000                fsdevMountSdmc
 *fill*         0x0000000000009158        0x8 
 .text.fsdevUnmountAll
                0x0000000000009160       0x64 C:/devkitPro/libnx/lib\libnx.a(fs_dev.o)
                0x0000000000009160                fsdevUnmountAll
 *fill*         0x00000000000091c4        0xc 
 .text.ipcCloseObjectById
                0x00000000000091d0       0x34 C:/devkitPro/libnx/lib\libnx.a(time.o)
 *fill*         0x0000000000009204        0xc 
 .text._timeGetSession
                0x0000000000009210      0x12c C:/devkitPro/libnx/lib\libnx.a(time.o)
 *fill*         0x000000000000933c        0x4 
 .text.timeExit
                0x0000000000009340      0x1ec C:/devkitPro/libnx/lib\libnx.a(time.o)
                0x0000000000009340                timeExit
 *fill*         0x000000000000952c        0x4 
 .text.timeInitialize
                0x0000000000009530       0xd8 C:/devkitPro/libnx/lib\libnx.a(time.o)
                0x0000000000009530                timeInitialize
 *fill*         0x0000000000009608        0x8 
 .text.timeGetCurrentTime
                0x0000000000009610      0x124 C:/devkitPro/libnx/lib\libnx.a(time.o)
                0x0000000000009610                timeGetCurrentTime
 *fill*         0x0000000000009734        0xc 
 .text.ipcCloseObjectById
                0x0000000000009740       0x34 C:/devkitPro/libnx/lib\libnx.a(vi.o)
 *fill*         0x0000000000009774        0xc 
 .text._viCreatestray_layer.isra.4
                0x0000000000009780      0x130 C:/devkitPro/libnx/lib\libnx.a(vi.o)
 .text._viGetSession.constprop.6
                0x00000000000098b0      0x134 C:/devkitPro/libnx/lib\libnx.a(vi.o)
 *fill*         0x00000000000099e4        0xc 
 .text._viOpenLayer
                0x00000000000099f0      0x140 C:/devkitPro/libnx/lib\libnx.a(vi.o)
 .text.viExit   0x0000000000009b30      0x1d8 C:/devkitPro/libnx/lib\libnx.a(vi.o)
                0x0000000000009b30                viExit
 *fill*         0x0000000000009d08        0x8 
 .text.viInitialize
                0x0000000000009d10      0x26c C:/devkitPro/libnx/lib\libnx.a(vi.o)
                0x0000000000009d10                viInitialize
 *fill*         0x0000000000009f7c        0x4 
 .text.viGetSession_IHOSBinderDriverRelay
                0x0000000000009f80        0xc C:/devkitPro/libnx/lib\libnx.a(vi.o)
                0x0000000000009f80                viGetSession_IHOSBinderDriverRelay
 *fill*         0x0000000000009f8c        0x4 
 .text.viOpenDisplay
                0x0000000000009f90      0x140 C:/devkitPro/libnx/lib\libnx.a(vi.o)
                0x0000000000009f90                viOpenDisplay
 .text.viCloseDisplay
                0x000000000000a0d0       0xf0 C:/devkitPro/libnx/lib\libnx.a(vi.o)
                0x000000000000a0d0                viCloseDisplay
 .text.viOpenLayer
                0x000000000000a1c0       0xd0 C:/devkitPro/libnx/lib\libnx.a(vi.o)
                0x000000000000a1c0                viOpenLayer
 .text.viCloseLayer
                0x000000000000a290      0x100 C:/devkitPro/libnx/lib\libnx.a(vi.o)
                0x000000000000a290                viCloseLayer
 .text.viSetLayerScalingMode
                0x000000000000a390       0xe8 C:/devkitPro/libnx/lib\libnx.a(vi.o)
                0x000000000000a390                viSetLayerScalingMode
 *fill*         0x000000000000a478        0x8 
 .text.viGetDisplayVsyncEvent
                0x000000000000a480      0x12c C:/devkitPro/libnx/lib\libnx.a(vi.o)
                0x000000000000a480                viGetDisplayVsyncEvent
 *fill*         0x000000000000a5ac        0x4 
 .text.ipcCloseObjectById
                0x000000000000a5b0       0x34 C:/devkitPro/libnx/lib\libnx.a(nv.o)
 *fill*         0x000000000000a5e4        0xc 
 .text.ipcQueryPointerBufferSize.constprop.6
                0x000000000000a5f0       0xc8 C:/devkitPro/libnx/lib\libnx.a(nv.o)
 *fill*         0x000000000000a6b8        0x8 
 .text._nvSetClientPID
                0x000000000000a6c0       0xd8 C:/devkitPro/libnx/lib\libnx.a(nv.o)
 *fill*         0x000000000000a798        0x8 
 .text._nvInitialize.constprop.5
                0x000000000000a7a0       0xf0 C:/devkitPro/libnx/lib\libnx.a(nv.o)
 .text.nvExit   0x000000000000a890       0xa8 C:/devkitPro/libnx/lib\libnx.a(nv.o)
                0x000000000000a890                nvExit
 *fill*         0x000000000000a938        0x8 
 .text.nvInitialize
                0x000000000000a940      0x1a4 C:/devkitPro/libnx/lib\libnx.a(nv.o)
                0x000000000000a940                nvInitialize
 *fill*         0x000000000000aae4        0xc 
 .text.nvConvertError
                0x000000000000aaf0      0x12c C:/devkitPro/libnx/lib\libnx.a(nv.o)
                0x000000000000aaf0                nvConvertError
 *fill*         0x000000000000ac1c        0x4 
 .text.nvOpen   0x000000000000ac20      0x12c C:/devkitPro/libnx/lib\libnx.a(nv.o)
                0x000000000000ac20                nvOpen
 *fill*         0x000000000000ad4c        0x4 
 .text.nvIoctl  0x000000000000ad50      0x218 C:/devkitPro/libnx/lib\libnx.a(nv.o)
                0x000000000000ad50                nvIoctl
 *fill*         0x000000000000af68        0x8 
 .text.nvClose  0x000000000000af70       0xdc C:/devkitPro/libnx/lib\libnx.a(nv.o)
                0x000000000000af70                nvClose
 *fill*         0x000000000000b04c        0x4 
 .text.nvQueryEvent
                0x000000000000b050      0x13c C:/devkitPro/libnx/lib\libnx.a(nv.o)
                0x000000000000b050                nvQueryEvent
 *fill*         0x000000000000b18c        0x4 
 .text.ipcCloseObjectById
                0x000000000000b190       0x34 C:/devkitPro/libnx/lib\libnx.a(fs.o)
 *fill*         0x000000000000b1c4        0xc 
 .text.fsInitialize
                0x000000000000b1d0      0x124 C:/devkitPro/libnx/lib\libnx.a(fs.o)
                0x000000000000b1d0                fsInitialize
 *fill*         0x000000000000b2f4        0xc 
 .text.fsExit   0x000000000000b300       0x9c C:/devkitPro/libnx/lib\libnx.a(fs.o)
                0x000000000000b300                fsExit
 *fill*         0x000000000000b39c        0x4 
 .text.fsMountSdcard
                0x000000000000b3a0      0x134 C:/devkitPro/libnx/lib\libnx.a(fs.o)
                0x000000000000b3a0                fsMountSdcard
 *fill*         0x000000000000b4d4        0xc 
 .text.fsFsCreateFile
                0x000000000000b4e0       0xf4 C:/devkitPro/libnx/lib\libnx.a(fs.o)
                0x000000000000b4e0                fsFsCreateFile
 *fill*         0x000000000000b5d4        0xc 
 .text.fsFsDeleteFile
                0x000000000000b5e0       0xf0 C:/devkitPro/libnx/lib\libnx.a(fs.o)
                0x000000000000b5e0                fsFsDeleteFile
 .text.fsFsCreateDirectory
                0x000000000000b6d0       0xf0 C:/devkitPro/libnx/lib\libnx.a(fs.o)
                0x000000000000b6d0                fsFsCreateDirectory
 .text.fsFsDeleteDirectory
                0x000000000000b7c0       0xf0 C:/devkitPro/libnx/lib\libnx.a(fs.o)
                0x000000000000b7c0                fsFsDeleteDirectory
 .text.fsFsRenameFile
                0x000000000000b8b0      0x11c C:/devkitPro/libnx/lib\libnx.a(fs.o)
                0x000000000000b8b0                fsFsRenameFile
 *fill*         0x000000000000b9cc        0x4 
 .text.fsFsRenameDirectory
                0x000000000000b9d0      0x11c C:/devkitPro/libnx/lib\libnx.a(fs.o)
                0x000000000000b9d0                fsFsRenameDirectory
 *fill*         0x000000000000baec        0x4 
 .text.fsFsGetEntryType
                0x000000000000baf0      0x104 C:/devkitPro/libnx/lib\libnx.a(fs.o)
                0x000000000000baf0                fsFsGetEntryType
 *fill*         0x000000000000bbf4        0xc 
 .text.fsFsOpenFile
                0x000000000000bc00      0x154 C:/devkitPro/libnx/lib\libnx.a(fs.o)
                0x000000000000bc00                fsFsOpenFile
 *fill*         0x000000000000bd54        0xc 
 .text.fsFsOpenDirectory
                0x000000000000bd60      0x14c C:/devkitPro/libnx/lib\libnx.a(fs.o)
                0x000000000000bd60                fsFsOpenDirectory
 *fill*         0x000000000000beac        0x4 
 .text.fsFsGetFreeSpace
                0x000000000000beb0      0x104 C:/devkitPro/libnx/lib\libnx.a(fs.o)
                0x000000000000beb0                fsFsGetFreeSpace
 *fill*         0x000000000000bfb4        0xc 
 .text.fsFsGetTotalSpace
                0x000000000000bfc0      0x104 C:/devkitPro/libnx/lib\libnx.a(fs.o)
                0x000000000000bfc0                fsFsGetTotalSpace
 *fill*         0x000000000000c0c4        0xc 
 .text.fsFsClose
                0x000000000000c0d0       0x6c C:/devkitPro/libnx/lib\libnx.a(fs.o)
                0x000000000000c0d0                fsFsClose
 *fill*         0x000000000000c13c        0x4 
 .text.fsFileRead
                0x000000000000c140      0x108 C:/devkitPro/libnx/lib\libnx.a(fs.o)
                0x000000000000c140                fsFileRead
 *fill*         0x000000000000c248        0x8 
 .text.fsFileWrite
                0x000000000000c250       0xf8 C:/devkitPro/libnx/lib\libnx.a(fs.o)
                0x000000000000c250                fsFileWrite
 *fill*         0x000000000000c348        0x8 
 .text.fsFileFlush
                0x000000000000c350       0xc8 C:/devkitPro/libnx/lib\libnx.a(fs.o)
                0x000000000000c350                fsFileFlush
 *fill*         0x000000000000c418        0x8 
 .text.fsFileSetSize
                0x000000000000c420       0xc8 C:/devkitPro/libnx/lib\libnx.a(fs.o)
                0x000000000000c420                fsFileSetSize
 *fill*         0x000000000000c4e8        0x8 
 .text.fsFileGetSize
                0x000000000000c4f0       0xec C:/devkitPro/libnx/lib\libnx.a(fs.o)
                0x000000000000c4f0                fsFileGetSize
 *fill*         0x000000000000c5dc        0x4 
 .text.fsFileClose
                0x000000000000c5e0       0x6c C:/devkitPro/libnx/lib\libnx.a(fs.o)
                0x000000000000c5e0                fsFileClose
 *fill*         0x000000000000c64c        0x4 
 .text.fsDirClose
                0x000000000000c650       0x6c C:/devkitPro/libnx/lib\libnx.a(fs.o)
                0x000000000000c650                fsDirClose
 *fill*         0x000000000000c6bc        0x4 
 .text.fsDirRead
                0x000000000000c6c0      0x110 C:/devkitPro/libnx/lib\libnx.a(fs.o)
                0x000000000000c6c0                fsDirRead
 .text.bufferProducerInitialize
                0x000000000000c7d0       0x10 C:/devkitPro/libnx/lib\libnx.a(buffer_producer.o)
                0x000000000000c7d0                bufferProducerInitialize
 .text.bufferProducerExit
                0x000000000000c7e0        0xc C:/devkitPro/libnx/lib\libnx.a(buffer_producer.o)
                0x000000000000c7e0                bufferProducerExit
 *fill*         0x000000000000c7ec        0x4 
 .text.bufferProducerRequestBuffer
                0x000000000000c7f0      0x11c C:/devkitPro/libnx/lib\libnx.a(buffer_producer.o)
                0x000000000000c7f0                bufferProducerRequestBuffer
 *fill*         0x000000000000c90c        0x4 
 .text.bufferProducerDequeueBuffer
                0x000000000000c910      0x198 C:/devkitPro/libnx/lib\libnx.a(buffer_producer.o)
                0x000000000000c910                bufferProducerDequeueBuffer
 *fill*         0x000000000000caa8        0x8 
 .text.bufferProducerDetachBuffer
                0x000000000000cab0       0x94 C:/devkitPro/libnx/lib\libnx.a(buffer_producer.o)
                0x000000000000cab0                bufferProducerDetachBuffer
 *fill*         0x000000000000cb44        0xc 
 .text.bufferProducerQueueBuffer
                0x000000000000cb50      0x108 C:/devkitPro/libnx/lib\libnx.a(buffer_producer.o)
                0x000000000000cb50                bufferProducerQueueBuffer
 *fill*         0x000000000000cc58        0x8 
 .text.bufferProducerQuery
                0x000000000000cc60       0xdc C:/devkitPro/libnx/lib\libnx.a(buffer_producer.o)
                0x000000000000cc60                bufferProducerQuery
 *fill*         0x000000000000cd3c        0x4 
 .text.bufferProducerConnect
                0x000000000000cd40      0x110 C:/devkitPro/libnx/lib\libnx.a(buffer_producer.o)
                0x000000000000cd40                bufferProducerConnect
 .text.bufferProducerDisconnect
                0x000000000000ce50       0x94 C:/devkitPro/libnx/lib\libnx.a(buffer_producer.o)
                0x000000000000ce50                bufferProducerDisconnect
 *fill*         0x000000000000cee4        0xc 
 .text.bufferProducerGraphicBufferInit
                0x000000000000cef0      0x100 C:/devkitPro/libnx/lib\libnx.a(buffer_producer.o)
                0x000000000000cef0                bufferProducerGraphicBufferInit
 .text._binderTransactParcelAuto
                0x000000000000cff0      0x248 C:/devkitPro/libnx/lib\libnx.a(binder.o)
 *fill*         0x000000000000d238        0x8 
 .text.ipcQueryPointerBufferSize
                0x000000000000d240       0xc8 C:/devkitPro/libnx/lib\libnx.a(binder.o)
 *fill*         0x000000000000d308        0x8 
 .text._binderTransactParcel
                0x000000000000d310      0x138 C:/devkitPro/libnx/lib\libnx.a(binder.o)
 *fill*         0x000000000000d448        0x8 
 .text.binderCreateSession
                0x000000000000d450       0x18 C:/devkitPro/libnx/lib\libnx.a(binder.o)
                0x000000000000d450                binderCreateSession
 *fill*         0x000000000000d468        0x8 
 .text.binderTransactParcel
                0x000000000000d470       0x10 C:/devkitPro/libnx/lib\libnx.a(binder.o)
                0x000000000000d470                binderTransactParcel
 .text.binderAdjustRefcount
                0x000000000000d480       0xe4 C:/devkitPro/libnx/lib\libnx.a(binder.o)
                0x000000000000d480                binderAdjustRefcount
 *fill*         0x000000000000d564        0xc 
 .text.binderExitSession
                0x000000000000d570       0x68 C:/devkitPro/libnx/lib\libnx.a(binder.o)
                0x000000000000d570                binderExitSession
 *fill*         0x000000000000d5d8        0x8 
 .text.binderGetNativeHandle
                0x000000000000d5e0      0x13c C:/devkitPro/libnx/lib\libnx.a(binder.o)
                0x000000000000d5e0                binderGetNativeHandle
 *fill*         0x000000000000d71c        0x4 
 .text.binderInitSession
                0x000000000000d720      0x120 C:/devkitPro/libnx/lib\libnx.a(binder.o)
                0x000000000000d720                binderInitSession
 .text.parcelInitialize
                0x000000000000d840       0x28 C:/devkitPro/libnx/lib\libnx.a(parcel.o)
                0x000000000000d840                parcelInitialize
 *fill*         0x000000000000d868        0x8 
 .text.parcelTransact
                0x000000000000d870      0x190 C:/devkitPro/libnx/lib\libnx.a(parcel.o)
                0x000000000000d870                parcelTransact
 .text.parcelWriteData
                0x000000000000da00       0x88 C:/devkitPro/libnx/lib\libnx.a(parcel.o)
                0x000000000000da00                parcelWriteData
 *fill*         0x000000000000da88        0x8 
 .text.parcelReadData
                0x000000000000da90       0x98 C:/devkitPro/libnx/lib\libnx.a(parcel.o)
                0x000000000000da90                parcelReadData
 *fill*         0x000000000000db28        0x8 
 .text.parcelWriteInt32
                0x000000000000db30       0x20 C:/devkitPro/libnx/lib\libnx.a(parcel.o)
                0x000000000000db30                parcelWriteInt32
 .text.parcelWriteUInt32
                0x000000000000db50       0x20 C:/devkitPro/libnx/lib\libnx.a(parcel.o)
                0x000000000000db50                parcelWriteUInt32
 .text.parcelWriteString16
                0x000000000000db70       0x80 C:/devkitPro/libnx/lib\libnx.a(parcel.o)
                0x000000000000db70                parcelWriteString16
 .text.parcelWriteInterfaceToken
                0x000000000000dbf0       0x30 C:/devkitPro/libnx/lib\libnx.a(parcel.o)
                0x000000000000dbf0                parcelWriteInterfaceToken
 .text.parcelReadInt32
                0x000000000000dc20       0x24 C:/devkitPro/libnx/lib\libnx.a(parcel.o)
                0x000000000000dc20                parcelReadInt32
 *fill*         0x000000000000dc44        0xc 
 .text.parcelReadFlattenedObject
                0x000000000000dc50       0x68 C:/devkitPro/libnx/lib\libnx.a(parcel.o)
                0x000000000000dc50                parcelReadFlattenedObject
 *fill*         0x000000000000dcb8        0x8 
 .text.parcelWriteFlattenedObject
                0x000000000000dcc0       0x44 C:/devkitPro/libnx/lib\libnx.a(parcel.o)
                0x000000000000dcc0                parcelWriteFlattenedObject
 *fill*         0x000000000000dd04        0xc 
 .text.decode_utf8
                0x000000000000dd10      0x12c C:/devkitPro/libnx/lib\libnx.a(decode_utf8.o)
                0x000000000000dd10                decode_utf8
 .text.__aarch64_read_tp
                0x000000000000de3c        0xc C:/devkitPro/libnx/lib\libnx.a(readtp.o)
                0x000000000000de3c                __aarch64_read_tp
 *fill*         0x000000000000de48        0x8 
 .text.nxlinkSetup
                0x000000000000de50       0xc4 C:/devkitPro/libnx/lib\libnx.a(nxlink.o)
                0x000000000000de50                nxlinkSetup
 *fill*         0x000000000000df14        0xc 
 .text.tmemCreate
                0x000000000000df20       0x7c C:/devkitPro/libnx/lib\libnx.a(tmem.o)
                0x000000000000df20                tmemCreate
 *fill*         0x000000000000df9c        0x4 
 .text.tmemUnmap
                0x000000000000dfa0       0x58 C:/devkitPro/libnx/lib\libnx.a(tmem.o)
                0x000000000000dfa0                tmemUnmap
 *fill*         0x000000000000dff8        0x8 
 .text.tmemClose
                0x000000000000e000       0x68 C:/devkitPro/libnx/lib\libnx.a(tmem.o)
                0x000000000000e000                tmemClose
 .text.bsearch  0x000000000000e068       0xb8 c:/devkitpro/devkita64/bin/../lib/gcc/aarch64-none-elf/8.1.0/../../../../aarch64-none-elf/lib/pic\libg.a(lib_a-bsearch.o)
                0x000000000000e068                bsearch
 .text.__libc_fini_array
                0x000000000000e120       0x44 c:/devkitpro/devkita64/bin/../lib/gcc/aarch64-none-elf/8.1.0/../../../../aarch64-none-elf/lib/pic\libg.a(lib_a-fini.o)
                0x000000000000e120                __libc_fini_array
 *fill*         0x000000000000e164        0x4 
 .text.__libc_init_array
                0x000000000000e168       0x8c c:/devkitpro/devkita64/bin/../lib/gcc/aarch64-none-elf/8.1.0/../../../../aarch64-none-elf/lib/pic\libg.a(lib_a-init.o)
                0x000000000000e168                __libc_init_array
 *fill*         0x000000000000e1f4        0x4 
 .text.__itoa   0x000000000000e1f8       0x5c c:/devkitpro/devkita64/bin/../lib/gcc/aarch64-none-elf/8.1.0/../../../../aarch64-none-elf/lib/pic\libg.a(lib_a-itoa.o)
                0x000000000000e1f8                __itoa
 *fill*         0x000000000000e254        0x4 
 .text.itoa     0x000000000000e258        0x4 c:/devkitpro/devkita64/bin/../lib/gcc/aarch64-none-elf/8.1.0/../../../../aarch64-none-elf/lib/pic\libg.a(lib_a-itoa.o)
                0x000000000000e258                itoa
 *fill*         0x000000000000e25c        0x4 
 .text.__locale_mb_cur_max
                0x000000000000e260       0x2c c:/devkitpro/devkita64/bin/../lib/gcc/aarch64-none-elf/8.1.0/../../../../aarch64-none-elf/lib/pic\libg.a(lib_a-locale.o)
                0x000000000000e260                __locale_mb_cur_max
 *fill*         0x000000000000e28c        0x4 
 .text.__locale_ctype_ptr_l
                0x000000000000e290        0x8 c:/devkitpro/devkita64/bin/../lib/gcc/aarch64-none-elf/8.1.0/../../../../aarch64-none-elf/lib/pic\libg.a(lib_a-locale.o)
                0x000000000000e290                __locale_ctype_ptr_l
 .text.__locale_ctype_ptr
                0x000000000000e298       0x2c c:/devkitpro/devkita64/bin/../lib/gcc/aarch64-none-elf/8.1.0/../../../../aarch64-none-elf/lib/pic\libg.a(lib_a-locale.o)
                0x000000000000e298                __locale_ctype_ptr
 *fill*         0x000000000000e2c4        0x4 
 .text.memalign
                0x000000000000e2c8       0x30 c:/devkitpro/devkita64/bin/../lib/gcc/aarch64-none-elf/8.1.0/../../../../aarch64-none-elf/lib/pic\libg.a(lib_a-malign.o)
                0x000000000000e2c8                memalign
 .text._memalign_r
                0x000000000000e2f8      0x198 c:/devkitpro/devkita64/bin/../lib/gcc/aarch64-none-elf/8.1.0/../../../../aarch64-none-elf/lib/pic\libg.a(lib_a-malignr.o)
                0x000000000000e2f8                _memalign_r
 .text.malloc   0x000000000000e490       0x1c c:/devkitpro/devkita64/bin/../lib/gcc/aarch64-none-elf/8.1.0/../../../../aarch64-none-elf/lib/pic\libg.a(lib_a-malloc.o)
                0x000000000000e490                malloc
 *fill*         0x000000000000e4ac        0x4 
 .text.free     0x000000000000e4b0       0x1c c:/devkitpro/devkita64/bin/../lib/gcc/aarch64-none-elf/8.1.0/../../../../aarch64-none-elf/lib/pic\libg.a(lib_a-malloc.o)
                0x000000000000e4b0                free
 *fill*         0x000000000000e4cc        0x4 
 .text._malloc_r
                0x000000000000e4d0      0x844 c:/devkitpro/devkita64/bin/../lib/gcc/aarch64-none-elf/8.1.0/../../../../aarch64-none-elf/lib/pic\libg.a(lib_a-mallocr.o)
                0x000000000000e4d0                _malloc_r
 *fill*         0x000000000000ed14        0x4 
 .text.__utf8_mbtowc
                0x000000000000ed18      0x2c8 c:/devkitpro/devkita64/bin/../lib/gcc/aarch64-none-elf/8.1.0/../../../../aarch64-none-elf/lib/pic\libg.a(lib_a-mbtowc_r.o)
                0x000000000000ed18                __utf8_mbtowc
 .text          0x000000000000efe0       0xd8 c:/devkitpro/devkita64/bin/../lib/gcc/aarch64-none-elf/8.1.0/../../../../aarch64-none-elf/lib/pic\libg.a(lib_a-memchr.o)
                0x000000000000efe0                memchr
 *fill*         0x000000000000f0b8        0x8 
 .text          0x000000000000f0c0      0x16c c:/devkitpro/devkita64/bin/../lib/gcc/aarch64-none-elf/8.1.0/../../../../aarch64-none-elf/lib/pic\libg.a(lib_a-memcpy.o)
                0x000000000000f0c0                memcpy
 *fill*         0x000000000000f22c       0x14 
 .text          0x000000000000f240      0x1d8 c:/devkitpro/devkita64/bin/../lib/gcc/aarch64-none-elf/8.1.0/../../../../aarch64-none-elf/lib/pic\libg.a(lib_a-memset.o)
                0x000000000000f240                memset
 .text.__malloc_lock
                0x000000000000f418        0xc c:/devkitpro/devkita64/bin/../lib/gcc/aarch64-none-elf/8.1.0/../../../../aarch64-none-elf/lib/pic\libg.a(lib_a-mlock.o)
                0x000000000000f418                __malloc_lock
 *fill*         0x000000000000f424        0x4 
 .text.__malloc_unlock
                0x000000000000f428        0xc c:/devkitpro/devkita64/bin/../lib/gcc/aarch64-none-elf/8.1.0/../../../../aarch64-none-elf/lib/pic\libg.a(lib_a-mlock.o)
                0x000000000000f428                __malloc_unlock
 *fill*         0x000000000000f434        0x4 
 .text.printf   0x000000000000f438       0x8c c:/devkitpro/devkita64/bin/../lib/gcc/aarch64-none-elf/8.1.0/../../../../aarch64-none-elf/lib/pic\libg.a(lib_a-printf.o)
                0x000000000000f438                printf
 *fill*         0x000000000000f4c4        0x4 
 .text.rename   0x000000000000f4c8       0x30 c:/devkitpro/devkita64/bin/../lib/gcc/aarch64-none-elf/8.1.0/../../../../aarch64-none-elf/lib/pic\libg.a(lib_a-rename.o)
                0x000000000000f4c8                rename
 .text.setvbuf  0x000000000000f4f8      0x25c c:/devkitpro/devkita64/bin/../lib/gcc/aarch64-none-elf/8.1.0/../../../../aarch64-none-elf/lib/pic\libg.a(lib_a-setvbuf.o)
                0x000000000000f4f8                setvbuf
 *fill*         0x000000000000f754        0x4 
 .text.sscanf   0x000000000000f758       0xbc c:/devkitpro/devkita64/bin/../lib/gcc/aarch64-none-elf/8.1.0/../../../../aarch64-none-elf/lib/pic\libg.a(lib_a-sscanf.o)
                0x000000000000f758                sscanf
 *fill*         0x000000000000f814        0x4 
 .text.__sread  0x000000000000f818       0x50 c:/devkitpro/devkita64/bin/../lib/gcc/aarch64-none-elf/8.1.0/../../../../aarch64-none-elf/lib/pic\libg.a(lib_a-stdio.o)
                0x000000000000f818                __sread
 .text.__seofread
                0x000000000000f868        0x8 c:/devkitpro/devkita64/bin/../lib/gcc/aarch64-none-elf/8.1.0/../../../../aarch64-none-elf/lib/pic\libg.a(lib_a-stdio.o)
                0x000000000000f868                __seofread
 .text.__swrite
                0x000000000000f870       0x6c c:/devkitpro/devkita64/bin/../lib/gcc/aarch64-none-elf/8.1.0/../../../../aarch64-none-elf/lib/pic\libg.a(lib_a-stdio.o)
                0x000000000000f870                __swrite
 *fill*         0x000000000000f8dc        0x4 
 .text.__sseek  0x000000000000f8e0       0x50 c:/devkitpro/devkita64/bin/../lib/gcc/aarch64-none-elf/8.1.0/../../../../aarch64-none-elf/lib/pic\libg.a(lib_a-stdio.o)
                0x000000000000f8e0                __sseek
 .text.__sclose
                0x000000000000f930        0x8 c:/devkitpro/devkita64/bin/../lib/gcc/aarch64-none-elf/8.1.0/../../../../aarch64-none-elf/lib/pic\libg.a(lib_a-stdio.o)
                0x000000000000f930                __sclose
 .text.strcat   0x000000000000f938       0x74 c:/devkitpro/devkita64/bin/../lib/gcc/aarch64-none-elf/8.1.0/../../../../aarch64-none-elf/lib/pic\libg.a(lib_a-strcat.o)
                0x000000000000f938                strcat
 .text          0x000000000000f9ac       0xdc c:/devkitpro/devkita64/bin/../lib/gcc/aarch64-none-elf/8.1.0/../../../../aarch64-none-elf/lib/pic\libg.a(lib_a-strchr.o)
                0x000000000000f9ac                strchr
 *fill*         0x000000000000fa88       0x38 
 .text          0x000000000000fac0       0xa4 c:/devkitpro/devkita64/bin/../lib/gcc/aarch64-none-elf/8.1.0/../../../../aarch64-none-elf/lib/pic\libg.a(lib_a-strcmp.o)
                0x000000000000fac0                strcmp
 *fill*         0x000000000000fb64       0x1c 
 .text          0x000000000000fb80      0x1b8 c:/devkitpro/devkita64/bin/../lib/gcc/aarch64-none-elf/8.1.0/../../../../aarch64-none-elf/lib/pic\libg.a(lib_a-strcpy.o)
                0x000000000000fb80                strcpy
 *fill*         0x000000000000fd38        0x8 
 .text          0x000000000000fd40      0x140 c:/devkitpro/devkita64/bin/../lib/gcc/aarch64-none-elf/8.1.0/../../../../aarch64-none-elf/lib/pic\libg.a(lib_a-strlen.o)
                0x000000000000fd40                strlen
 .text.strncat  0x000000000000fe80       0x84 c:/devkitpro/devkita64/bin/../lib/gcc/aarch64-none-elf/8.1.0/../../../../aarch64-none-elf/lib/pic\libg.a(lib_a-strncat.o)
                0x000000000000fe80                strncat
 *fill*         0x000000000000ff04       0x3c 
 .text          0x000000000000ff40      0x124 c:/devkitpro/devkita64/bin/../lib/gcc/aarch64-none-elf/8.1.0/../../../../aarch64-none-elf/lib/pic\libg.a(lib_a-strncmp.o)
                0x000000000000ff5c                strncmp
 *fill*         0x0000000000010064        0x4 
 .text.strncpy  0x0000000000010068       0xa8 c:/devkitpro/devkita64/bin/../lib/gcc/aarch64-none-elf/8.1.0/../../../../aarch64-none-elf/lib/pic\libg.a(lib_a-strncpy.o)
                0x0000000000010068                strncpy
 *fill*         0x0000000000010110       0x30 
 .text          0x0000000000010140       0xe0 c:/devkitpro/devkita64/bin/../lib/gcc/aarch64-none-elf/8.1.0/../../../../aarch64-none-elf/lib/pic\libg.a(lib_a-strnlen.o)
                0x0000000000010164                strnlen
 .text._strtol_l.isra.0
                0x0000000000010220      0x1d0 c:/devkitpro/devkita64/bin/../lib/gcc/aarch64-none-elf/8.1.0/../../../../aarch64-none-elf/lib/pic\libg.a(lib_a-strtol.o)
 .text._strtol_r
                0x00000000000103f0       0x48 c:/devkitpro/devkita64/bin/../lib/gcc/aarch64-none-elf/8.1.0/../../../../aarch64-none-elf/lib/pic\libg.a(lib_a-strtol.o)
                0x00000000000103f0                _strtol_r
 .text._strtoul_l.isra.0
                0x0000000000010438      0x1e0 c:/devkitpro/devkita64/bin/../lib/gcc/aarch64-none-elf/8.1.0/../../../../aarch64-none-elf/lib/pic\libg.a(lib_a-strtoul.o)
 .text._strtoul_r
                0x0000000000010618       0x48 c:/devkitpro/devkita64/bin/../lib/gcc/aarch64-none-elf/8.1.0/../../../../aarch64-none-elf/lib/pic\libg.a(lib_a-strtoul.o)
                0x0000000000010618                _strtoul_r
 .text.strtoul  0x0000000000010660       0x5c c:/devkitpro/devkita64/bin/../lib/gcc/aarch64-none-elf/8.1.0/../../../../aarch64-none-elf/lib/pic\libg.a(lib_a-strtoul.o)
                0x0000000000010660                strtoul
 .text.get_arg  0x00000000000106bc       0x5c c:/devkitpro/devkita64/bin/../lib/gcc/aarch64-none-elf/8.1.0/../../../../aarch64-none-elf/lib/pic\libg.a(lib_a-svfscanf.o)
 .text.__ssvfscanf_r
                0x0000000000010718     0x2f48 c:/devkitpro/devkita64/bin/../lib/gcc/aarch64-none-elf/8.1.0/../../../../aarch64-none-elf/lib/pic\libg.a(lib_a-svfscanf.o)
                0x0000000000010718                __ssvfscanf_r
 .text.__utoa   0x0000000000013660       0xac c:/devkitpro/devkita64/bin/../lib/gcc/aarch64-none-elf/8.1.0/../../../../aarch64-none-elf/lib/pic\libg.a(lib_a-utoa.o)
                0x0000000000013660                __utoa
 .text.__sprint_r
                0x000000000001370c       0x3c c:/devkitpro/devkita64/bin/../lib/gcc/aarch64-none-elf/8.1.0/../../../../aarch64-none-elf/lib/pic\libg.a(lib_a-vfiprintf.o)
                0x000000000001370c                __sprint_r
 .text.get_arg  0x0000000000013748      0x76c c:/devkitpro/devkita64/bin/../lib/gcc/aarch64-none-elf/8.1.0/../../../../aarch64-none-elf/lib/pic\libg.a(lib_a-vfprintf.o)
 .text._vfprintf_r
                0x0000000000013eb4     0x3bfc c:/devkitpro/devkita64/bin/../lib/gcc/aarch64-none-elf/8.1.0/../../../../aarch64-none-elf/lib/pic\libg.a(lib_a-vfprintf.o)
                0x0000000000013eb4                _vfprintf_r
 .text.__sbprintf
                0x0000000000017ab0       0xec c:/devkitpro/devkita64/bin/../lib/gcc/aarch64-none-elf/8.1.0/../../../../aarch64-none-elf/lib/pic\libg.a(lib_a-vfprintf.o)
 *fill*         0x0000000000017b9c        0x4 
 .text._wcrtomb_r
                0x0000000000017ba0       0xd0 c:/devkitpro/devkita64/bin/../lib/gcc/aarch64-none-elf/8.1.0/../../../../aarch64-none-elf/lib/pic\libg.a(lib_a-wcrtomb.o)
                0x0000000000017ba0                _wcrtomb_r
 .text._wcsrtombs_r
                0x0000000000017c70       0x10 c:/devkitpro/devkita64/bin/../lib/gcc/aarch64-none-elf/8.1.0/../../../../aarch64-none-elf/lib/pic\libg.a(lib_a-wcsrtombs.o)
                0x0000000000017c70                _wcsrtombs_r
 .text.__utf8_wctomb
                0x0000000000017c80       0xe4 c:/devkitpro/devkita64/bin/../lib/gcc/aarch64-none-elf/8.1.0/../../../../aarch64-none-elf/lib/pic\libg.a(lib_a-wctomb_r.o)
                0x0000000000017c80                __utf8_wctomb
 *fill*         0x0000000000017d64        0x4 
 .text.__swsetup_r
                0x0000000000017d68      0x140 c:/devkitpro/devkita64/bin/../lib/gcc/aarch64-none-elf/8.1.0/../../../../aarch64-none-elf/lib/pic\libg.a(lib_a-wsetup.o)
                0x0000000000017d68                __swsetup_r
 .text.quorem   0x0000000000017ea8      0x1a8 c:/devkitpro/devkita64/bin/../lib/gcc/aarch64-none-elf/8.1.0/../../../../aarch64-none-elf/lib/pic\libg.a(lib_a-dtoa.o)
 .text._dtoa_r  0x0000000000018050     0x10dc c:/devkitpro/devkita64/bin/../lib/gcc/aarch64-none-elf/8.1.0/../../../../aarch64-none-elf/lib/pic\libg.a(lib_a-dtoa.o)
                0x0000000000018050                _dtoa_r
 *fill*         0x000000000001912c        0x4 
 .text.__sflush_r
                0x0000000000019130      0x214 c:/devkitpro/devkita64/bin/../lib/gcc/aarch64-none-elf/8.1.0/../../../../aarch64-none-elf/lib/pic\libg.a(lib_a-fflush.o)
                0x0000000000019130                __sflush_r
 *fill*         0x0000000000019344        0x4 
 .text._fflush_r
                0x0000000000019348       0xb8 c:/devkitpro/devkita64/bin/../lib/gcc/aarch64-none-elf/8.1.0/../../../../aarch64-none-elf/lib/pic\libg.a(lib_a-fflush.o)
                0x0000000000019348                _fflush_r
 .text.std      0x0000000000019400       0x78 c:/devkitpro/devkita64/bin/../lib/gcc/aarch64-none-elf/8.1.0/../../../../aarch64-none-elf/lib/pic\libg.a(lib_a-findfp.o)
 .text._cleanup_r
                0x0000000000019478        0xc c:/devkitpro/devkita64/bin/../lib/gcc/aarch64-none-elf/8.1.0/../../../../aarch64-none-elf/lib/pic\libg.a(lib_a-findfp.o)
                0x0000000000019478                _cleanup_r
 *fill*         0x0000000000019484        0x4 
 .text.__sfp_lock_acquire
                0x0000000000019488        0xc c:/devkitpro/devkita64/bin/../lib/gcc/aarch64-none-elf/8.1.0/../../../../aarch64-none-elf/lib/pic\libg.a(lib_a-findfp.o)
                0x0000000000019488                __sfp_lock_acquire
 *fill*         0x0000000000019494        0x4 
 .text.__sfp_lock_release
                0x0000000000019498        0xc c:/devkitpro/devkita64/bin/../lib/gcc/aarch64-none-elf/8.1.0/../../../../aarch64-none-elf/lib/pic\libg.a(lib_a-findfp.o)
                0x0000000000019498                __sfp_lock_release
 *fill*         0x00000000000194a4        0x4 
 .text.__sinit_lock_acquire
                0x00000000000194a8        0xc c:/devkitpro/devkita64/bin/../lib/gcc/aarch64-none-elf/8.1.0/../../../../aarch64-none-elf/lib/pic\libg.a(lib_a-findfp.o)
                0x00000000000194a8                __sinit_lock_acquire
 *fill*         0x00000000000194b4        0x4 
 .text.__sinit_lock_release
                0x00000000000194b8        0xc c:/devkitpro/devkita64/bin/../lib/gcc/aarch64-none-elf/8.1.0/../../../../aarch64-none-elf/lib/pic\libg.a(lib_a-findfp.o)
                0x00000000000194b8                __sinit_lock_release
 *fill*         0x00000000000194c4        0x4 
 .text.__sinit  0x00000000000194c8       0x80 c:/devkitpro/devkita64/bin/../lib/gcc/aarch64-none-elf/8.1.0/../../../../aarch64-none-elf/lib/pic\libg.a(lib_a-findfp.o)
                0x00000000000194c8                __sinit
 .text._malloc_trim_r
                0x0000000000019548      0x118 c:/devkitpro/devkita64/bin/../lib/gcc/aarch64-none-elf/8.1.0/../../../../aarch64-none-elf/lib/pic\libg.a(lib_a-freer.o)
                0x0000000000019548                _malloc_trim_r
 .text._free_r  0x0000000000019660      0x2f4 c:/devkitpro/devkita64/bin/../lib/gcc/aarch64-none-elf/8.1.0/../../../../aarch64-none-elf/lib/pic\libg.a(lib_a-freer.o)
                0x0000000000019660                _free_r
 *fill*         0x0000000000019954        0x4 
 .text.__sfvwrite_r
                0x0000000000019958      0x4b8 c:/devkitpro/devkita64/bin/../lib/gcc/aarch64-none-elf/8.1.0/../../../../aarch64-none-elf/lib/pic\libg.a(lib_a-fvwrite.o)
                0x0000000000019958                __sfvwrite_r
 .text._fwalk_reent
                0x0000000000019e10       0xbc c:/devkitpro/devkita64/bin/../lib/gcc/aarch64-none-elf/8.1.0/../../../../aarch64-none-elf/lib/pic\libg.a(lib_a-fwalk.o)
                0x0000000000019e10                _fwalk_reent
 *fill*         0x0000000000019ecc        0x4 
 .text.iswspace
                0x0000000000019ed0       0x84 c:/devkitpro/devkita64/bin/../lib/gcc/aarch64-none-elf/8.1.0/../../../../aarch64-none-elf/lib/pic\libg.a(lib_a-iswspace.o)
                0x0000000000019ed0                iswspace
 *fill*         0x0000000000019f54        0x4 
 .text.__jp2uc  0x0000000000019f58      0x244 c:/devkitpro/devkita64/bin/../lib/gcc/aarch64-none-elf/8.1.0/../../../../aarch64-none-elf/lib/pic\libg.a(lib_a-jp2uc.o)
 *fill*         0x000000000001a19c        0x4 
 .text._jp2uc   0x000000000001a1a0       0xd0 c:/devkitpro/devkita64/bin/../lib/gcc/aarch64-none-elf/8.1.0/../../../../aarch64-none-elf/lib/pic\libg.a(lib_a-jp2uc.o)
                0x000000000001a1a0                _jp2uc
 .text.__localeconv_l
                0x000000000001a270        0x8 c:/devkitpro/devkita64/bin/../lib/gcc/aarch64-none-elf/8.1.0/../../../../aarch64-none-elf/lib/pic\libg.a(lib_a-localeconv.o)
                0x000000000001a270                __localeconv_l
 .text._localeconv_r
                0x000000000001a278       0x28 c:/devkitpro/devkita64/bin/../lib/gcc/aarch64-none-elf/8.1.0/../../../../aarch64-none-elf/lib/pic\libg.a(lib_a-localeconv.o)
                0x000000000001a278                _localeconv_r
 .text.__swhatbuf_r
                0x000000000001a2a0       0xa4 c:/devkitpro/devkita64/bin/../lib/gcc/aarch64-none-elf/8.1.0/../../../../aarch64-none-elf/lib/pic\libg.a(lib_a-makebuf.o)
                0x000000000001a2a0                __swhatbuf_r
 *fill*         0x000000000001a344        0x4 
 .text.__smakebuf_r
                0x000000000001a348      0x10c c:/devkitpro/devkita64/bin/../lib/gcc/aarch64-none-elf/8.1.0/../../../../aarch64-none-elf/lib/pic\libg.a(lib_a-makebuf.o)
                0x000000000001a348                __smakebuf_r
 *fill*         0x000000000001a454        0x4 
 .text._mbrtowc_r
                0x000000000001a458       0xd8 c:/devkitpro/devkita64/bin/../lib/gcc/aarch64-none-elf/8.1.0/../../../../aarch64-none-elf/lib/pic\libg.a(lib_a-mbrtowc.o)
                0x000000000001a458                _mbrtowc_r
 *fill*         0x000000000001a530       0x10 
 .text          0x000000000001a540       0xac c:/devkitpro/devkita64/bin/../lib/gcc/aarch64-none-elf/8.1.0/../../../../aarch64-none-elf/lib/pic\libg.a(lib_a-memmove.o)
                0x000000000001a540                memmove
 *fill*         0x000000000001a5ec        0x4 
 .text._Balloc  0x000000000001a5f0       0x90 c:/devkitpro/devkita64/bin/../lib/gcc/aarch64-none-elf/8.1.0/../../../../aarch64-none-elf/lib/pic\libg.a(lib_a-mprec.o)
                0x000000000001a5f0                _Balloc
 .text._Bfree   0x000000000001a680       0x1c c:/devkitpro/devkita64/bin/../lib/gcc/aarch64-none-elf/8.1.0/../../../../aarch64-none-elf/lib/pic\libg.a(lib_a-mprec.o)
                0x000000000001a680                _Bfree
 *fill*         0x000000000001a69c        0x4 
 .text.__multadd
                0x000000000001a6a0       0xe8 c:/devkitpro/devkita64/bin/../lib/gcc/aarch64-none-elf/8.1.0/../../../../aarch64-none-elf/lib/pic\libg.a(lib_a-mprec.o)
                0x000000000001a6a0                __multadd
 .text.__s2b    0x000000000001a788      0x120 c:/devkitpro/devkita64/bin/../lib/gcc/aarch64-none-elf/8.1.0/../../../../aarch64-none-elf/lib/pic\libg.a(lib_a-mprec.o)
                0x000000000001a788                __s2b
 .text.__hi0bits
                0x000000000001a8a8       0x5c c:/devkitpro/devkita64/bin/../lib/gcc/aarch64-none-elf/8.1.0/../../../../aarch64-none-elf/lib/pic\libg.a(lib_a-mprec.o)
                0x000000000001a8a8                __hi0bits
 *fill*         0x000000000001a904        0x4 
 .text.__lo0bits
                0x000000000001a908       0xa0 c:/devkitpro/devkita64/bin/../lib/gcc/aarch64-none-elf/8.1.0/../../../../aarch64-none-elf/lib/pic\libg.a(lib_a-mprec.o)
                0x000000000001a908                __lo0bits
 .text.__i2b    0x000000000001a9a8       0x2c c:/devkitpro/devkita64/bin/../lib/gcc/aarch64-none-elf/8.1.0/../../../../aarch64-none-elf/lib/pic\libg.a(lib_a-mprec.o)
                0x000000000001a9a8                __i2b
 *fill*         0x000000000001a9d4        0x4 
 .text.__multiply
                0x000000000001a9d8      0x1c8 c:/devkitpro/devkita64/bin/../lib/gcc/aarch64-none-elf/8.1.0/../../../../aarch64-none-elf/lib/pic\libg.a(lib_a-mprec.o)
                0x000000000001a9d8                __multiply
 .text.__pow5mult
                0x000000000001aba0      0x104 c:/devkitpro/devkita64/bin/../lib/gcc/aarch64-none-elf/8.1.0/../../../../aarch64-none-elf/lib/pic\libg.a(lib_a-mprec.o)
                0x000000000001aba0                __pow5mult
 *fill*         0x000000000001aca4        0x4 
 .text.__lshift
                0x000000000001aca8      0x134 c:/devkitpro/devkita64/bin/../lib/gcc/aarch64-none-elf/8.1.0/../../../../aarch64-none-elf/lib/pic\libg.a(lib_a-mprec.o)
                0x000000000001aca8                __lshift
 *fill*         0x000000000001addc        0x4 
 .text.__mcmp   0x000000000001ade0       0x50 c:/devkitpro/devkita64/bin/../lib/gcc/aarch64-none-elf/8.1.0/../../../../aarch64-none-elf/lib/pic\libg.a(lib_a-mprec.o)
                0x000000000001ade0                __mcmp
 .text.__mdiff  0x000000000001ae30      0x14c c:/devkitpro/devkita64/bin/../lib/gcc/aarch64-none-elf/8.1.0/../../../../aarch64-none-elf/lib/pic\libg.a(lib_a-mprec.o)
                0x000000000001ae30                __mdiff
 *fill*         0x000000000001af7c        0x4 
 .text.__ulp    0x000000000001af80       0x68 c:/devkitpro/devkita64/bin/../lib/gcc/aarch64-none-elf/8.1.0/../../../../aarch64-none-elf/lib/pic\libg.a(lib_a-mprec.o)
                0x000000000001af80                __ulp
 .text.__b2d    0x000000000001afe8      0x150 c:/devkitpro/devkita64/bin/../lib/gcc/aarch64-none-elf/8.1.0/../../../../aarch64-none-elf/lib/pic\libg.a(lib_a-mprec.o)
                0x000000000001afe8                __b2d
 .text.__d2b    0x000000000001b138      0x138 c:/devkitpro/devkita64/bin/../lib/gcc/aarch64-none-elf/8.1.0/../../../../aarch64-none-elf/lib/pic\libg.a(lib_a-mprec.o)
                0x000000000001b138                __d2b
 .text.__ratio  0x000000000001b270       0xa0 c:/devkitpro/devkita64/bin/../lib/gcc/aarch64-none-elf/8.1.0/../../../../aarch64-none-elf/lib/pic\libg.a(lib_a-mprec.o)
                0x000000000001b270                __ratio
 .text.__copybits
                0x000000000001b310       0x68 c:/devkitpro/devkita64/bin/../lib/gcc/aarch64-none-elf/8.1.0/../../../../aarch64-none-elf/lib/pic\libg.a(lib_a-mprec.o)
                0x000000000001b310                __copybits
 .text.__any_on
                0x000000000001b378       0x84 c:/devkitpro/devkita64/bin/../lib/gcc/aarch64-none-elf/8.1.0/../../../../aarch64-none-elf/lib/pic\libg.a(lib_a-mprec.o)
                0x000000000001b378                __any_on
 *fill*         0x000000000001b3fc        0x4 
 .text.realloc  0x000000000001b400       0x30 c:/devkitpro/devkita64/bin/../lib/gcc/aarch64-none-elf/8.1.0/../../../../aarch64-none-elf/lib/pic\libg.a(lib_a-realloc.o)
                0x000000000001b400                realloc
 .text._realloc_r
                0x000000000001b430      0x56c c:/devkitpro/devkita64/bin/../lib/gcc/aarch64-none-elf/8.1.0/../../../../aarch64-none-elf/lib/pic\libg.a(lib_a-reallocr.o)
                0x000000000001b430                _realloc_r
 *fill*         0x000000000001b99c        0x4 
 .text.__sccl   0x000000000001b9a0       0xbc c:/devkitpro/devkita64/bin/../lib/gcc/aarch64-none-elf/8.1.0/../../../../aarch64-none-elf/lib/pic\libg.a(lib_a-sccl.o)
                0x000000000001b9a0                __sccl
 *fill*         0x000000000001ba5c        0x4 
 .text.nanf     0x000000000001ba60        0xc c:/devkitpro/devkita64/bin/../lib/gcc/aarch64-none-elf/8.1.0/../../../../aarch64-none-elf/lib/pic\libg.a(lib_a-sf_nan.o)
                0x000000000001ba60                nanf
 *fill*         0x000000000001ba6c        0x4 
 .text.frexp    0x000000000001ba70       0x7c c:/devkitpro/devkita64/bin/../lib/gcc/aarch64-none-elf/8.1.0/../../../../aarch64-none-elf/lib/pic\libg.a(lib_a-s_frexp.o)
                0x000000000001ba70                frexp
 *fill*         0x000000000001baec        0x4 
 .text.sprintf  0x000000000001baf0       0xa8 c:/devkitpro/devkita64/bin/../lib/gcc/aarch64-none-elf/8.1.0/../../../../aarch64-none-elf/lib/pic\libg.a(lib_a-sprintf.o)
                0x000000000001baf0                sprintf
 .text.stpncpy  0x000000000001bb98       0xc8 c:/devkitpro/devkita64/bin/../lib/gcc/aarch64-none-elf/8.1.0/../../../../aarch64-none-elf/lib/pic\libg.a(lib_a-stpncpy.o)
                0x000000000001bb98                stpncpy
 .text.sulp     0x000000000001bc60       0x54 c:/devkitpro/devkita64/bin/../lib/gcc/aarch64-none-elf/8.1.0/../../../../aarch64-none-elf/lib/pic\libg.a(lib_a-strtod.o)
 *fill*         0x000000000001bcb4        0x4 
 .text._strtod_l
                0x000000000001bcb8     0x10f0 c:/devkitpro/devkita64/bin/../lib/gcc/aarch64-none-elf/8.1.0/../../../../aarch64-none-elf/lib/pic\libg.a(lib_a-strtod.o)
                0x000000000001bcb8                _strtod_l
 .text._strtod_r
                0x000000000001cda8       0x40 c:/devkitpro/devkita64/bin/../lib/gcc/aarch64-none-elf/8.1.0/../../../../aarch64-none-elf/lib/pic\libg.a(lib_a-strtod.o)
                0x000000000001cda8                _strtod_r
 .text._strtoll_l.isra.0
                0x000000000001cde8      0x1d0 c:/devkitpro/devkita64/bin/../lib/gcc/aarch64-none-elf/8.1.0/../../../../aarch64-none-elf/lib/pic\libg.a(lib_a-strtoll.o)
 .text._strtoll_r
                0x000000000001cfb8       0x48 c:/devkitpro/devkita64/bin/../lib/gcc/aarch64-none-elf/8.1.0/../../../../aarch64-none-elf/lib/pic\libg.a(lib_a-strtoll.o)
                0x000000000001cfb8                _strtoll_r
 .text._strtoull_l.isra.0
                0x000000000001d000      0x1e0 c:/devkitpro/devkita64/bin/../lib/gcc/aarch64-none-elf/8.1.0/../../../../aarch64-none-elf/lib/pic\libg.a(lib_a-strtoull.o)
 .text._strtoull_r
                0x000000000001d1e0       0x48 c:/devkitpro/devkita64/bin/../lib/gcc/aarch64-none-elf/8.1.0/../../../../aarch64-none-elf/lib/pic\libg.a(lib_a-strtoull.o)
                0x000000000001d1e0                _strtoull_r
 .text.__ssprint_r
                0x000000000001d228      0x1c0 c:/devkitpro/devkita64/bin/../lib/gcc/aarch64-none-elf/8.1.0/../../../../aarch64-none-elf/lib/pic\libg.a(lib_a-svfiprintf.o)
                0x000000000001d228                __ssprint_r
 .text._sungetc_r
                0x000000000001d3e8       0xf4 c:/devkitpro/devkita64/bin/../lib/gcc/aarch64-none-elf/8.1.0/../../../../aarch64-none-elf/lib/pic\libg.a(lib_a-svfiscanf.o)
                0x000000000001d3e8                _sungetc_r
 .text.__ssrefill_r
                0x000000000001d4dc       0x70 c:/devkitpro/devkita64/bin/../lib/gcc/aarch64-none-elf/8.1.0/../../../../aarch64-none-elf/lib/pic\libg.a(lib_a-svfiscanf.o)
                0x000000000001d4dc                __ssrefill_r
 .text._sfread_r
                0x000000000001d54c       0xe0 c:/devkitpro/devkita64/bin/../lib/gcc/aarch64-none-elf/8.1.0/../../../../aarch64-none-elf/lib/pic\libg.a(lib_a-svfiscanf.o)
                0x000000000001d54c                _sfread_r
 .text.get_arg  0x000000000001d62c      0x76c c:/devkitpro/devkita64/bin/../lib/gcc/aarch64-none-elf/8.1.0/../../../../aarch64-none-elf/lib/pic\libg.a(lib_a-svfprintf.o)
 .text._svfprintf_r
                0x000000000001dd98     0x3b44 c:/devkitpro/devkita64/bin/../lib/gcc/aarch64-none-elf/8.1.0/../../../../aarch64-none-elf/lib/pic\libg.a(lib_a-svfprintf.o)
                0x000000000001dd98                _svfprintf_r
 *fill*         0x00000000000218dc        0x4 
 .text.__submore
                0x00000000000218e0       0xc8 c:/devkitpro/devkita64/bin/../lib/gcc/aarch64-none-elf/8.1.0/../../../../aarch64-none-elf/lib/pic\libg.a(lib_a-ungetc.o)
                0x00000000000218e0                __submore
 .text._wcsnrtombs_l
                0x00000000000219a8      0x1dc c:/devkitpro/devkita64/bin/../lib/gcc/aarch64-none-elf/8.1.0/../../../../aarch64-none-elf/lib/pic\libg.a(lib_a-wcsnrtombs.o)
                0x00000000000219a8                _wcsnrtombs_l
 *fill*         0x0000000000021b84        0x4 
 .text._wcsnrtombs_r
                0x0000000000021b88       0x54 c:/devkitpro/devkita64/bin/../lib/gcc/aarch64-none-elf/8.1.0/../../../../aarch64-none-elf/lib/pic\libg.a(lib_a-wcsnrtombs.o)
                0x0000000000021b88                _wcsnrtombs_r
 *fill*         0x0000000000021bdc        0x4 
 .text._calloc_r
                0x0000000000021be0       0x94 c:/devkitpro/devkita64/bin/../lib/gcc/aarch64-none-elf/8.1.0/../../../../aarch64-none-elf/lib/pic\libg.a(lib_a-callocr.o)
                0x0000000000021be0                _calloc_r
 *fill*         0x0000000000021c74        0x4 
 .text._fclose_r
                0x0000000000021c78      0x15c c:/devkitpro/devkita64/bin/../lib/gcc/aarch64-none-elf/8.1.0/../../../../aarch64-none-elf/lib/pic\libg.a(lib_a-fclose.o)
                0x0000000000021c78                _fclose_r
 *fill*         0x0000000000021dd4        0x4 
 .text.rshift   0x0000000000021dd8      0x114 c:/devkitpro/devkita64/bin/../lib/gcc/aarch64-none-elf/8.1.0/../../../../aarch64-none-elf/lib/pic\libg.a(lib_a-gdtoa-gethex.o)
 *fill*         0x0000000000021eec        0x4 
 .text.__gethex
                0x0000000000021ef0      0x7e8 c:/devkitpro/devkita64/bin/../lib/gcc/aarch64-none-elf/8.1.0/../../../../aarch64-none-elf/lib/pic\libg.a(lib_a-gdtoa-gethex.o)
                0x0000000000021ef0                __gethex
 .text.__match  0x00000000000226d8       0x48 c:/devkitpro/devkita64/bin/../lib/gcc/aarch64-none-elf/8.1.0/../../../../aarch64-none-elf/lib/pic\libg.a(lib_a-gdtoa-hexnan.o)
                0x00000000000226d8                __match
 .text.__hexnan
                0x0000000000022720      0x22c c:/devkitpro/devkita64/bin/../lib/gcc/aarch64-none-elf/8.1.0/../../../../aarch64-none-elf/lib/pic\libg.a(lib_a-gdtoa-hexnan.o)
                0x0000000000022720                __hexnan
 *fill*         0x000000000002294c        0x4 
 .text.null_write
                0x0000000000022950        0x8 c:/devkitpro/devkita64/bin/../lib/gcc/aarch64-none-elf/8.1.0/../../../../aarch64-none-elf/lib/pic\libsysbase.a(iosupport.o)
 .text.setDefaultDevice
                0x0000000000022958       0x18 c:/devkitpro/devkita64/bin/../lib/gcc/aarch64-none-elf/8.1.0/../../../../aarch64-none-elf/lib/pic\libsysbase.a(iosupport.o)
                0x0000000000022958                setDefaultDevice
 .text.FindDevice
                0x0000000000022970       0xf8 c:/devkitpro/devkita64/bin/../lib/gcc/aarch64-none-elf/8.1.0/../../../../aarch64-none-elf/lib/pic\libsysbase.a(iosupport.o)
                0x0000000000022970                FindDevice
 .text.RemoveDevice
                0x0000000000022a68       0x34 c:/devkitpro/devkita64/bin/../lib/gcc/aarch64-none-elf/8.1.0/../../../../aarch64-none-elf/lib/pic\libsysbase.a(iosupport.o)
                0x0000000000022a68                RemoveDevice
 *fill*         0x0000000000022a9c        0x4 
 .text.AddDevice
                0x0000000000022aa0       0xd8 c:/devkitpro/devkita64/bin/../lib/gcc/aarch64-none-elf/8.1.0/../../../../aarch64-none-elf/lib/pic\libsysbase.a(iosupport.o)
                0x0000000000022aa0                AddDevice
 .text._close_r
                0x0000000000022b78       0xa8 c:/devkitpro/devkita64/bin/../lib/gcc/aarch64-none-elf/8.1.0/../../../../aarch64-none-elf/lib/pic\libsysbase.a(close.o)
                0x0000000000022b78                _close_r
 .text._fstat_r
                0x0000000000022c20       0x80 c:/devkitpro/devkita64/bin/../lib/gcc/aarch64-none-elf/8.1.0/../../../../aarch64-none-elf/lib/pic\libsysbase.a(fstat.o)
                0x0000000000022c20                _fstat_r
 .text._isatty_r
                0x0000000000022ca0        0x8 c:/devkitpro/devkita64/bin/../lib/gcc/aarch64-none-elf/8.1.0/../../../../aarch64-none-elf/lib/pic\libsysbase.a(isatty.o)
                0x0000000000022ca0                _isatty_r
 .text._lseek_r
                0x0000000000022ca8       0x94 c:/devkitpro/devkita64/bin/../lib/gcc/aarch64-none-elf/8.1.0/../../../../aarch64-none-elf/lib/pic\libsysbase.a(lseek.o)
                0x0000000000022ca8                _lseek_r
 *fill*         0x0000000000022d3c        0x4 
 .text._read_r  0x0000000000022d40       0xa4 c:/devkitpro/devkita64/bin/../lib/gcc/aarch64-none-elf/8.1.0/../../../../aarch64-none-elf/lib/pic\libsysbase.a(read.o)
                0x0000000000022d40                _read_r
 *fill*         0x0000000000022de4        0x4 
 .text._sbrk_r  0x0000000000022de8       0x78 c:/devkitpro/devkita64/bin/../lib/gcc/aarch64-none-elf/8.1.0/../../../../aarch64-none-elf/lib/pic\libsysbase.a(sbrk.o)
                0x0000000000022de8                _sbrk_r
 .text._write_r
                0x0000000000022e60       0xa4 c:/devkitpro/devkita64/bin/../lib/gcc/aarch64-none-elf/8.1.0/../../../../aarch64-none-elf/lib/pic\libsysbase.a(write.o)
                0x0000000000022e60                _write_r
 *fill*         0x0000000000022f04        0x4 
 .text._concatenate_path
                0x0000000000022f08      0x224 c:/devkitpro/devkita64/bin/../lib/gcc/aarch64-none-elf/8.1.0/../../../../aarch64-none-elf/lib/pic\libsysbase.a(chdir.o)
                0x0000000000022f08                _concatenate_path
 *fill*         0x000000000002312c        0x4 
 .text.chdir    0x0000000000023130      0x178 c:/devkitpro/devkita64/bin/../lib/gcc/aarch64-none-elf/8.1.0/../../../../aarch64-none-elf/lib/pic\libsysbase.a(chdir.o)
                0x0000000000023130                chdir
 .text.mkdir    0x00000000000232a8       0x74 c:/devkitpro/devkita64/bin/../lib/gcc/aarch64-none-elf/8.1.0/../../../../aarch64-none-elf/lib/pic\libsysbase.a(mkdir.o)
                0x00000000000232a8                mkdir
 *fill*         0x000000000002331c        0x4 
 .text._rename_r
                0x0000000000023320       0x90 c:/devkitpro/devkita64/bin/../lib/gcc/aarch64-none-elf/8.1.0/../../../../aarch64-none-elf/lib/pic\libsysbase.a(rename.o)
                0x0000000000023320                _rename_r
 .text.__libc_lock_acquire
                0x00000000000233b0       0x18 c:/devkitpro/devkita64/bin/../lib/gcc/aarch64-none-elf/8.1.0/../../../../aarch64-none-elf/lib/pic\libsysbase.a(syscall_support.o)
                0x00000000000233b0                __libc_lock_acquire
 .text.__libc_lock_release
                0x00000000000233c8       0x18 c:/devkitpro/devkita64/bin/../lib/gcc/aarch64-none-elf/8.1.0/../../../../aarch64-none-elf/lib/pic\libsysbase.a(syscall_support.o)
                0x00000000000233c8                __libc_lock_release
 .text.__libc_lock_init_recursive
                0x00000000000233e0       0x18 c:/devkitpro/devkita64/bin/../lib/gcc/aarch64-none-elf/8.1.0/../../../../aarch64-none-elf/lib/pic\libsysbase.a(syscall_support.o)
                0x00000000000233e0                __libc_lock_init_recursive
 .text.__libc_lock_acquire_recursive
                0x00000000000233f8       0x18 c:/devkitpro/devkita64/bin/../lib/gcc/aarch64-none-elf/8.1.0/../../../../aarch64-none-elf/lib/pic\libsysbase.a(syscall_support.o)
                0x00000000000233f8                __libc_lock_acquire_recursive
 .text.__libc_lock_release_recursive
                0x0000000000023410       0x18 c:/devkitpro/devkita64/bin/../lib/gcc/aarch64-none-elf/8.1.0/../../../../aarch64-none-elf/lib/pic\libsysbase.a(syscall_support.o)
                0x0000000000023410                __libc_lock_release_recursive
 .text.__libc_lock_close_recursive
                0x0000000000023428       0x18 c:/devkitpro/devkita64/bin/../lib/gcc/aarch64-none-elf/8.1.0/../../../../aarch64-none-elf/lib/pic\libsysbase.a(syscall_support.o)
                0x0000000000023428                __libc_lock_close_recursive
 .text.__free_handle
                0x0000000000023440       0x3c c:/devkitpro/devkita64/bin/../lib/gcc/aarch64-none-elf/8.1.0/../../../../aarch64-none-elf/lib/pic\libsysbase.a(handle_manager.o)
                0x0000000000023440                __free_handle